
===========================================================================
 report_power
============================================================================
======================= min_ff_n40C_1v95 Corner ===================================

Group                    Internal    Switching      Leakage        Total
                            Power        Power        Power        Power (Watts)
------------------------------------------------------------------------
Sequential           6.575609e-04 5.876854e-05 2.576227e-08 7.163553e-04  24.5%
Combinational        5.738470e-04 8.668696e-04 1.064585e-07 1.440823e-03  49.3%
Clock                3.912821e-04 2.964374e-04 2.792389e-08 6.877474e-04  23.5%
Macro                7.854401e-05 3.796921e-07 2.302500e-09 7.892600e-05   2.7%
Pad                  0.000000e+00 0.000000e+00 0.000000e+00 0.000000e+00   0.0%
------------------------------------------------------------------------
Total                1.701234e-03 1.222456e-03 1.624543e-07 2.923852e-03 100.0%
                            58.2%        41.8%         0.0%

