
===========================================================================
 report_power
============================================================================
======================= min_ff_n40C_1v95 Corner ===================================

Group                    Internal    Switching      Leakage        Total
                            Power        Power        Power        Power (Watts)
------------------------------------------------------------------------
Sequential           3.037585e-03 5.433343e-04 2.355273e-08 3.580943e-03  30.2%
Combinational        2.327204e-03 3.108908e-03 8.102902e-08 5.436192e-03  45.8%
Clock                1.301754e-03 1.231266e-03 2.634399e-08 2.533046e-03  21.3%
Macro                3.141761e-04 1.739208e-06 2.302500e-09 3.159176e-04   2.7%
Pad                  0.000000e+00 0.000000e+00 0.000000e+00 0.000000e+00   0.0%
------------------------------------------------------------------------
Total                6.980713e-03 4.885237e-03 1.332309e-07 1.186608e-02 100.0%
                            58.8%        41.2%         0.0%

