
===========================================================================
 report_power
============================================================================
======================= min_ff_n40C_1v95 Corner ===================================

Group                    Internal    Switching      Leakage        Total
                            Power        Power        Power        Power (Watts)
------------------------------------------------------------------------
Sequential           1.418317e-03 1.453720e-04 1.691979e-08 1.563706e-03  20.8%
Combinational        2.126749e-03 2.405764e-03 1.137380e-07 4.532627e-03  60.3%
Clock                5.252468e-04 7.402842e-04 2.431377e-08 1.265555e-03  16.8%
Macro                1.570880e-04 8.094619e-07 2.302500e-09 1.578998e-04   2.1%
Pad                  0.000000e+00 0.000000e+00 0.000000e+00 0.000000e+00   0.0%
------------------------------------------------------------------------
Total                4.227402e-03 3.292229e-03 1.572805e-07 7.519788e-03 100.0%
                            56.2%        43.8%         0.0%

