
===========================================================================
report_checks -unconstrained
===========================================================================
======================= max_ff_n40C_1v95 Corner ===================================

Startpoint: wb_rst_i (input port clocked by clk)
Endpoint: _11183_ (recovery check against rising-edge clock clk)
Path Group: asynchronous
Path Type: max

Fanout         Cap        Slew       Delay        Time   Description
---------------------------------------------------------------------------------------------
                                  0.000000    0.000000   clock clk (rise edge)
                                  5.570000    5.570000   clock network delay (propagated)
                                 12.500000   18.070000 v input external delay
     2    0.008923    0.000000    0.000000   18.070000 v wb_rst_i (in)
                                                         wb_rst_i (net)
                      0.000553    0.000277   18.070276 v input11/A (sky130_fd_sc_hd__buf_8)
     9    0.166362    0.077856    0.088924   18.159201 v input11/X (sky130_fd_sc_hd__buf_8)
                                                         net11 (net)
                      0.172783    0.077501   18.236702 v fanout906/A (sky130_fd_sc_hd__buf_8)
    17    0.189200    0.101629    0.181499   18.418201 v fanout906/X (sky130_fd_sc_hd__buf_8)
                                                         net906 (net)
                      0.105441    0.015376   18.433577 v fanout870/A (sky130_fd_sc_hd__clkbuf_4)
    11    0.068409    0.097446    0.186359   18.619936 v fanout870/X (sky130_fd_sc_hd__clkbuf_4)
                                                         net870 (net)
                      0.098161    0.006768   18.626705 v fanout869/A (sky130_fd_sc_hd__buf_2)
    11    0.055654    0.094473    0.164508   18.791212 v fanout869/X (sky130_fd_sc_hd__buf_2)
                                                         net869 (net)
                      0.096725    0.011614   18.802826 v fanout868/A (sky130_fd_sc_hd__clkbuf_4)
    13    0.060245    0.090253    0.173996   18.976822 v fanout868/X (sky130_fd_sc_hd__clkbuf_4)
                                                         net868 (net)
                      0.090780    0.005690   18.982512 v fanout867/A (sky130_fd_sc_hd__buf_4)
    21    0.077597    0.075815    0.161082   19.143595 v fanout867/X (sky130_fd_sc_hd__buf_4)
                                                         net867 (net)
                      0.076923    0.007278   19.150871 v fanout866/A (sky130_fd_sc_hd__buf_4)
    10    0.060279    0.065968    0.145562   19.296432 v fanout866/X (sky130_fd_sc_hd__buf_4)
                                                         net866 (net)
                      0.067347    0.007534   19.303967 v _09675_/A (sky130_fd_sc_hd__inv_2)
     1    0.003905    0.026433    0.042686   19.346653 ^ _09675_/Y (sky130_fd_sc_hd__inv_2)
                                                         _00894_ (net)
                      0.026433    0.000096   19.346748 ^ _11183_/RESET_B (sky130_fd_sc_hd__dfrtp_1)
                                             19.346748   data arrival time

                                 25.000000   25.000000   clock clk (rise edge)
                                  4.650000   29.650000   clock source latency
     2    0.121119    0.610000    0.000000   29.650000 ^ wb_clk_i (in)
                                                         wb_clk_i (net)
                      0.628258    0.009129   29.659128 ^ clkbuf_0_wb_clk_i/A (sky130_fd_sc_hd__clkbuf_16)
    17    0.223731    0.186331    0.240330   29.899458 ^ clkbuf_0_wb_clk_i/X (sky130_fd_sc_hd__clkbuf_16)
                                                         clknet_0_wb_clk_i (net)
                      0.194736    0.030962   29.930420 ^ clkbuf_3_5_0_wb_clk_i/A (sky130_fd_sc_hd__clkbuf_8)
     5    0.042055    0.066106    0.142101   30.072521 ^ clkbuf_3_5_0_wb_clk_i/X (sky130_fd_sc_hd__clkbuf_8)
                                                         clknet_3_5_0_wb_clk_i (net)
                      0.066613    0.004544   30.077065 ^ clkbuf_4_11__f_wb_clk_i/A (sky130_fd_sc_hd__clkbuf_16)
    29    0.170919    0.141786    0.169841   30.246906 ^ clkbuf_4_11__f_wb_clk_i/X (sky130_fd_sc_hd__clkbuf_16)
                                                         clknet_4_11__leaf_wb_clk_i (net)
                      0.145404    0.017931   30.264837 ^ clkbuf_leaf_99_wb_clk_i/A (sky130_fd_sc_hd__clkbuf_8)
     6    0.028991    0.049313    0.124803   30.389641 ^ clkbuf_leaf_99_wb_clk_i/X (sky130_fd_sc_hd__clkbuf_8)
                                                         clknet_leaf_99_wb_clk_i (net)
                      0.049332    0.000906   30.390547 ^ _11183_/CLK (sky130_fd_sc_hd__dfrtp_1)
                                 -0.250000   30.140545   clock uncertainty
                                  0.000000   30.140545   clock reconvergence pessimism
                                  0.147253   30.287798   library recovery time
                                             30.287798   data required time
---------------------------------------------------------------------------------------------
                                             30.287798   data required time
                                            -19.346748   data arrival time
---------------------------------------------------------------------------------------------
                                             10.941050   slack (MET)


Startpoint: wbs_adr_i[14] (input port clocked by clk)
Endpoint: wbs_dat_o[2] (output port clocked by clk)
Path Group: clk
Path Type: max

Fanout         Cap        Slew       Delay        Time   Description
---------------------------------------------------------------------------------------------
                                  0.000000    0.000000   clock clk (rise edge)
                                  5.570000    5.570000   clock network delay (propagated)
                                  3.890000    9.460000 v input external delay
     2    0.004951    0.920000    0.000000    9.460000 v wbs_adr_i[14] (in)
                                                         wbs_adr_i[14] (net)
                      0.920259    0.000130    9.460130 v hold1/A (sky130_fd_sc_hd__dlygate4sd3_1)
     1    0.002634    0.037431    0.605874   10.066004 v hold1/X (sky130_fd_sc_hd__dlygate4sd3_1)
                                                         net1135 (net)
                      0.037431    0.000126   10.066130 v input14/A (sky130_fd_sc_hd__clkbuf_2)
     2    0.016924    0.049479    0.096549   10.162679 v input14/X (sky130_fd_sc_hd__clkbuf_2)
                                                         net14 (net)
                      0.049600    0.001786   10.164465 v hold2/A (sky130_fd_sc_hd__dlygate4sd3_1)
     3    0.018561    0.087933    0.425830   10.590295 v hold2/X (sky130_fd_sc_hd__dlygate4sd3_1)
                                                         net1136 (net)
                      0.087936    0.000684   10.590979 v _05139_/B (sky130_fd_sc_hd__nor2_1)
     5    0.022176    0.283233    0.242235   10.833214 ^ _05139_/Y (sky130_fd_sc_hd__nor2_1)
                                                         _02708_ (net)
                      0.283239    0.001044   10.834258 ^ _08290_/C (sky130_fd_sc_hd__and3b_1)
     1    0.006400    0.061058    0.135426   10.969685 ^ _08290_/X (sky130_fd_sc_hd__and3b_1)
                                                         _04562_ (net)
                      0.061062    0.000540   10.970224 ^ fanout569/A (sky130_fd_sc_hd__buf_2)
    13    0.058378    0.215371    0.197026   11.167251 ^ fanout569/X (sky130_fd_sc_hd__buf_2)
                                                         net569 (net)
                      0.215587    0.005731   11.172982 ^ fanout567/A (sky130_fd_sc_hd__buf_2)
    19    0.057990    0.211963    0.226054   11.399035 ^ fanout567/X (sky130_fd_sc_hd__buf_2)
                                                         net567 (net)
                      0.212078    0.004087   11.403123 ^ fanout566/A (sky130_fd_sc_hd__clkbuf_2)
    21    0.047044    0.197137    0.209213   11.612336 ^ fanout566/X (sky130_fd_sc_hd__clkbuf_2)
                                                         net566 (net)
                      0.197297    0.004606   11.616942 ^ _08293_/B (sky130_fd_sc_hd__and2_1)
     1    0.022888    0.171473    0.192637   11.809580 ^ _08293_/X (sky130_fd_sc_hd__and2_1)
                                                         net90 (net)
                      0.171528    0.002547   11.812127 ^ output90/A (sky130_fd_sc_hd__buf_12)
     1    0.191455    0.173916    0.181227   11.993353 ^ output90/X (sky130_fd_sc_hd__buf_12)
                                                         wbs_dat_o[2] (net)
                      0.174812    0.010102   12.003455 ^ wbs_dat_o[2] (out)
                                             12.003455   data arrival time

                                 25.000000   25.000000   clock clk (rise edge)
                                  4.650000   29.650000   clock network delay (propagated)
                                 -0.250000   29.400000   clock uncertainty
                                  0.000000   29.400000   clock reconvergence pessimism
                                 -3.620000   25.779999   output external delay
                                             25.779999   data required time
---------------------------------------------------------------------------------------------
                                             25.779999   data required time
                                            -12.003455   data arrival time
---------------------------------------------------------------------------------------------
                                             13.776544   slack (MET)




===========================================================================
report_checks --slack_max -0.01
============================================================================
======================= max_ff_n40C_1v95 Corner ===================================

No paths found.


===========================================================================
 report_check_types -max_slew -max_cap -max_fanout -violators
============================================================================
======================= max_ff_n40C_1v95 Corner ===================================

max slew

Pin                                        Limit        Slew       Slack
------------------------------------------------------------------------
neuro_inst.synapse_matrix_inst.X1_inst/wbs_dat_i[1]    0.500000    0.502287   -0.002287 (VIOLATED)
neuro_inst.synapse_matrix_inst.X1_inst/wbs_dat_i[2]    0.500000    0.502233   -0.002233 (VIOLATED)

max fanout

Pin                                   Limit Fanout  Slack
---------------------------------------------------------
clkbuf_4_10__f_wb_clk_i/X                10     29    -19 (VIOLATED)
clkbuf_4_11__f_wb_clk_i/X                10     29    -19 (VIOLATED)
clkbuf_4_8__f_wb_clk_i/X                 10     27    -17 (VIOLATED)
clkbuf_leaf_146_wb_clk_i/X               10     27    -17 (VIOLATED)
clkbuf_4_0__f_wb_clk_i/X                 10     25    -15 (VIOLATED)
clkbuf_4_14__f_wb_clk_i/X                10     25    -15 (VIOLATED)
clkbuf_leaf_158_wb_clk_i/X               10     25    -15 (VIOLATED)
clkbuf_leaf_16_wb_clk_i/X                10     25    -15 (VIOLATED)
clkbuf_leaf_17_wb_clk_i/X                10     25    -15 (VIOLATED)
clkbuf_leaf_27_wb_clk_i/X                10     25    -15 (VIOLATED)
clkbuf_leaf_28_wb_clk_i/X                10     25    -15 (VIOLATED)
clkbuf_leaf_5_wb_clk_i/X                 10     25    -15 (VIOLATED)
clkbuf_4_12__f_wb_clk_i/X                10     23    -13 (VIOLATED)
clkbuf_4_13__f_wb_clk_i/X                10     23    -13 (VIOLATED)
clkbuf_4_9__f_wb_clk_i/X                 10     23    -13 (VIOLATED)
clkbuf_leaf_129_wb_clk_i/X               10     23    -13 (VIOLATED)
clkbuf_leaf_89_wb_clk_i/X                10     23    -13 (VIOLATED)
fanout501/X                              10     22    -12 (VIOLATED)
_05237_/X                                10     21    -11 (VIOLATED)
_08891_/Y                                10     21    -11 (VIOLATED)
clkbuf_4_15__f_wb_clk_i/X                10     21    -11 (VIOLATED)
clkbuf_4_2__f_wb_clk_i/X                 10     21    -11 (VIOLATED)
clkbuf_4_4__f_wb_clk_i/X                 10     21    -11 (VIOLATED)
clkbuf_leaf_0_wb_clk_i/X                 10     21    -11 (VIOLATED)
clkbuf_leaf_12_wb_clk_i/X                10     21    -11 (VIOLATED)
clkbuf_leaf_65_wb_clk_i/X                10     21    -11 (VIOLATED)
clkbuf_leaf_93_wb_clk_i/X                10     21    -11 (VIOLATED)
clkbuf_leaf_97_wb_clk_i/X                10     21    -11 (VIOLATED)
fanout100/X                              10     21    -11 (VIOLATED)
fanout101/X                              10     21    -11 (VIOLATED)
fanout102/X                              10     21    -11 (VIOLATED)
fanout104/X                              10     21    -11 (VIOLATED)
fanout105/X                              10     21    -11 (VIOLATED)
fanout109/X                              10     21    -11 (VIOLATED)
fanout110/X                              10     21    -11 (VIOLATED)
fanout112/X                              10     21    -11 (VIOLATED)
fanout113/X                              10     21    -11 (VIOLATED)
fanout116/X                              10     21    -11 (VIOLATED)
fanout117/X                              10     21    -11 (VIOLATED)
fanout118/X                              10     21    -11 (VIOLATED)
fanout122/X                              10     21    -11 (VIOLATED)
fanout124/X                              10     21    -11 (VIOLATED)
fanout125/X                              10     21    -11 (VIOLATED)
fanout126/X                              10     21    -11 (VIOLATED)
fanout129/X                              10     21    -11 (VIOLATED)
fanout130/X                              10     21    -11 (VIOLATED)
fanout132/X                              10     21    -11 (VIOLATED)
fanout134/X                              10     21    -11 (VIOLATED)
fanout137/X                              10     21    -11 (VIOLATED)
fanout138/X                              10     21    -11 (VIOLATED)
fanout141/X                              10     21    -11 (VIOLATED)
fanout143/X                              10     21    -11 (VIOLATED)
fanout146/X                              10     21    -11 (VIOLATED)
fanout148/X                              10     21    -11 (VIOLATED)
fanout150/X                              10     21    -11 (VIOLATED)
fanout151/X                              10     21    -11 (VIOLATED)
fanout155/X                              10     21    -11 (VIOLATED)
fanout157/X                              10     21    -11 (VIOLATED)
fanout160/X                              10     21    -11 (VIOLATED)
fanout162/X                              10     21    -11 (VIOLATED)
fanout164/X                              10     21    -11 (VIOLATED)
fanout165/X                              10     21    -11 (VIOLATED)
fanout171/X                              10     21    -11 (VIOLATED)
fanout173/X                              10     21    -11 (VIOLATED)
fanout174/X                              10     21    -11 (VIOLATED)
fanout178/X                              10     21    -11 (VIOLATED)
fanout183/X                              10     21    -11 (VIOLATED)
fanout185/X                              10     21    -11 (VIOLATED)
fanout187/X                              10     21    -11 (VIOLATED)
fanout188/X                              10     21    -11 (VIOLATED)
fanout190/X                              10     21    -11 (VIOLATED)
fanout191/X                              10     21    -11 (VIOLATED)
fanout193/X                              10     21    -11 (VIOLATED)
fanout195/X                              10     21    -11 (VIOLATED)
fanout198/X                              10     21    -11 (VIOLATED)
fanout202/X                              10     21    -11 (VIOLATED)
fanout209/X                              10     21    -11 (VIOLATED)
fanout210/X                              10     21    -11 (VIOLATED)
fanout212/X                              10     21    -11 (VIOLATED)
fanout214/X                              10     21    -11 (VIOLATED)
fanout216/X                              10     21    -11 (VIOLATED)
fanout218/X                              10     21    -11 (VIOLATED)
fanout220/X                              10     21    -11 (VIOLATED)
fanout227/X                              10     21    -11 (VIOLATED)
fanout229/X                              10     21    -11 (VIOLATED)
fanout230/X                              10     21    -11 (VIOLATED)
fanout232/X                              10     21    -11 (VIOLATED)
fanout235/X                              10     21    -11 (VIOLATED)
fanout236/X                              10     21    -11 (VIOLATED)
fanout238/X                              10     21    -11 (VIOLATED)
fanout240/X                              10     21    -11 (VIOLATED)
fanout241/X                              10     21    -11 (VIOLATED)
fanout243/X                              10     21    -11 (VIOLATED)
fanout244/X                              10     21    -11 (VIOLATED)
fanout246/X                              10     21    -11 (VIOLATED)
fanout247/X                              10     21    -11 (VIOLATED)
fanout249/X                              10     21    -11 (VIOLATED)
fanout250/X                              10     21    -11 (VIOLATED)
fanout252/X                              10     21    -11 (VIOLATED)
fanout253/X                              10     21    -11 (VIOLATED)
fanout254/X                              10     21    -11 (VIOLATED)
fanout255/X                              10     21    -11 (VIOLATED)
fanout256/X                              10     21    -11 (VIOLATED)
fanout257/X                              10     21    -11 (VIOLATED)
fanout259/X                              10     21    -11 (VIOLATED)
fanout260/X                              10     21    -11 (VIOLATED)
fanout264/X                              10     21    -11 (VIOLATED)
fanout266/X                              10     21    -11 (VIOLATED)
fanout267/X                              10     21    -11 (VIOLATED)
fanout270/X                              10     21    -11 (VIOLATED)
fanout276/X                              10     21    -11 (VIOLATED)
fanout278/X                              10     21    -11 (VIOLATED)
fanout282/X                              10     21    -11 (VIOLATED)
fanout284/X                              10     21    -11 (VIOLATED)
fanout286/X                              10     21    -11 (VIOLATED)
fanout288/X                              10     21    -11 (VIOLATED)
fanout290/X                              10     21    -11 (VIOLATED)
fanout292/X                              10     21    -11 (VIOLATED)
fanout294/X                              10     21    -11 (VIOLATED)
fanout296/X                              10     21    -11 (VIOLATED)
fanout298/X                              10     21    -11 (VIOLATED)
fanout300/X                              10     21    -11 (VIOLATED)
fanout302/X                              10     21    -11 (VIOLATED)
fanout304/X                              10     21    -11 (VIOLATED)
fanout306/X                              10     21    -11 (VIOLATED)
fanout308/X                              10     21    -11 (VIOLATED)
fanout310/X                              10     21    -11 (VIOLATED)
fanout312/X                              10     21    -11 (VIOLATED)
fanout314/X                              10     21    -11 (VIOLATED)
fanout316/X                              10     21    -11 (VIOLATED)
fanout318/X                              10     21    -11 (VIOLATED)
fanout320/X                              10     21    -11 (VIOLATED)
fanout322/X                              10     21    -11 (VIOLATED)
fanout324/X                              10     21    -11 (VIOLATED)
fanout326/X                              10     21    -11 (VIOLATED)
fanout328/X                              10     21    -11 (VIOLATED)
fanout330/X                              10     21    -11 (VIOLATED)
fanout332/X                              10     21    -11 (VIOLATED)
fanout334/X                              10     21    -11 (VIOLATED)
fanout336/X                              10     21    -11 (VIOLATED)
fanout338/X                              10     21    -11 (VIOLATED)
fanout340/X                              10     21    -11 (VIOLATED)
fanout342/X                              10     21    -11 (VIOLATED)
fanout344/X                              10     21    -11 (VIOLATED)
fanout346/X                              10     21    -11 (VIOLATED)
fanout348/X                              10     21    -11 (VIOLATED)
fanout350/X                              10     21    -11 (VIOLATED)
fanout352/X                              10     21    -11 (VIOLATED)
fanout354/X                              10     21    -11 (VIOLATED)
fanout356/X                              10     21    -11 (VIOLATED)
fanout358/X                              10     21    -11 (VIOLATED)
fanout360/X                              10     21    -11 (VIOLATED)
fanout362/X                              10     21    -11 (VIOLATED)
fanout364/X                              10     21    -11 (VIOLATED)
fanout366/X                              10     21    -11 (VIOLATED)
fanout368/X                              10     21    -11 (VIOLATED)
fanout370/X                              10     21    -11 (VIOLATED)
fanout372/X                              10     21    -11 (VIOLATED)
fanout374/X                              10     21    -11 (VIOLATED)
fanout376/X                              10     21    -11 (VIOLATED)
fanout378/X                              10     21    -11 (VIOLATED)
fanout380/X                              10     21    -11 (VIOLATED)
fanout382/X                              10     21    -11 (VIOLATED)
fanout384/X                              10     21    -11 (VIOLATED)
fanout386/X                              10     21    -11 (VIOLATED)
fanout388/X                              10     21    -11 (VIOLATED)
fanout390/X                              10     21    -11 (VIOLATED)
fanout392/X                              10     21    -11 (VIOLATED)
fanout394/X                              10     21    -11 (VIOLATED)
fanout396/X                              10     21    -11 (VIOLATED)
fanout398/X                              10     21    -11 (VIOLATED)
fanout400/X                              10     21    -11 (VIOLATED)
fanout402/X                              10     21    -11 (VIOLATED)
fanout404/X                              10     21    -11 (VIOLATED)
fanout406/X                              10     21    -11 (VIOLATED)
fanout408/X                              10     21    -11 (VIOLATED)
fanout416/X                              10     21    -11 (VIOLATED)
fanout417/X                              10     21    -11 (VIOLATED)
fanout421/X                              10     21    -11 (VIOLATED)
fanout423/X                              10     21    -11 (VIOLATED)
fanout425/X                              10     21    -11 (VIOLATED)
fanout426/X                              10     21    -11 (VIOLATED)
fanout427/X                              10     21    -11 (VIOLATED)
fanout429/X                              10     21    -11 (VIOLATED)
fanout431/X                              10     21    -11 (VIOLATED)
fanout433/X                              10     21    -11 (VIOLATED)
fanout435/X                              10     21    -11 (VIOLATED)
fanout437/X                              10     21    -11 (VIOLATED)
fanout439/X                              10     21    -11 (VIOLATED)
fanout441/X                              10     21    -11 (VIOLATED)
fanout443/X                              10     21    -11 (VIOLATED)
fanout445/X                              10     21    -11 (VIOLATED)
fanout447/X                              10     21    -11 (VIOLATED)
fanout449/X                              10     21    -11 (VIOLATED)
fanout451/X                              10     21    -11 (VIOLATED)
fanout453/X                              10     21    -11 (VIOLATED)
fanout455/X                              10     21    -11 (VIOLATED)
fanout457/X                              10     21    -11 (VIOLATED)
fanout459/X                              10     21    -11 (VIOLATED)
fanout461/X                              10     21    -11 (VIOLATED)
fanout463/X                              10     21    -11 (VIOLATED)
fanout465/X                              10     21    -11 (VIOLATED)
fanout467/X                              10     21    -11 (VIOLATED)
fanout469/X                              10     21    -11 (VIOLATED)
fanout471/X                              10     21    -11 (VIOLATED)
fanout473/X                              10     21    -11 (VIOLATED)
fanout475/X                              10     21    -11 (VIOLATED)
fanout477/X                              10     21    -11 (VIOLATED)
fanout479/X                              10     21    -11 (VIOLATED)
fanout481/X                              10     21    -11 (VIOLATED)
fanout483/X                              10     21    -11 (VIOLATED)
fanout485/X                              10     21    -11 (VIOLATED)
fanout487/X                              10     21    -11 (VIOLATED)
fanout489/X                              10     21    -11 (VIOLATED)
fanout491/X                              10     21    -11 (VIOLATED)
fanout493/X                              10     21    -11 (VIOLATED)
fanout495/X                              10     21    -11 (VIOLATED)
fanout497/X                              10     21    -11 (VIOLATED)
fanout499/X                              10     21    -11 (VIOLATED)
fanout503/X                              10     21    -11 (VIOLATED)
fanout505/X                              10     21    -11 (VIOLATED)
fanout507/X                              10     21    -11 (VIOLATED)
fanout509/X                              10     21    -11 (VIOLATED)
fanout511/X                              10     21    -11 (VIOLATED)
fanout513/X                              10     21    -11 (VIOLATED)
fanout515/X                              10     21    -11 (VIOLATED)
fanout517/X                              10     21    -11 (VIOLATED)
fanout519/X                              10     21    -11 (VIOLATED)
fanout521/X                              10     21    -11 (VIOLATED)
fanout523/X                              10     21    -11 (VIOLATED)
fanout525/X                              10     21    -11 (VIOLATED)
fanout527/X                              10     21    -11 (VIOLATED)
fanout529/X                              10     21    -11 (VIOLATED)
fanout531/X                              10     21    -11 (VIOLATED)
fanout533/X                              10     21    -11 (VIOLATED)
fanout535/X                              10     21    -11 (VIOLATED)
fanout537/X                              10     21    -11 (VIOLATED)
fanout539/X                              10     21    -11 (VIOLATED)
fanout541/X                              10     21    -11 (VIOLATED)
fanout543/X                              10     21    -11 (VIOLATED)
fanout545/X                              10     21    -11 (VIOLATED)
fanout547/X                              10     21    -11 (VIOLATED)
fanout549/X                              10     21    -11 (VIOLATED)
fanout554/X                              10     21    -11 (VIOLATED)
fanout557/X                              10     21    -11 (VIOLATED)
fanout558/X                              10     21    -11 (VIOLATED)
fanout560/X                              10     21    -11 (VIOLATED)
fanout562/X                              10     21    -11 (VIOLATED)
fanout566/X                              10     21    -11 (VIOLATED)
fanout568/X                              10     21    -11 (VIOLATED)
fanout570/X                              10     21    -11 (VIOLATED)
fanout572/X                              10     21    -11 (VIOLATED)
fanout574/X                              10     21    -11 (VIOLATED)
fanout576/X                              10     21    -11 (VIOLATED)
fanout578/X                              10     21    -11 (VIOLATED)
fanout579/X                              10     21    -11 (VIOLATED)
fanout580/X                              10     21    -11 (VIOLATED)
fanout583/X                              10     21    -11 (VIOLATED)
fanout585/X                              10     21    -11 (VIOLATED)
fanout586/X                              10     21    -11 (VIOLATED)
fanout591/X                              10     21    -11 (VIOLATED)
fanout592/X                              10     21    -11 (VIOLATED)
fanout594/X                              10     21    -11 (VIOLATED)
fanout604/X                              10     21    -11 (VIOLATED)
fanout605/X                              10     21    -11 (VIOLATED)
fanout607/X                              10     21    -11 (VIOLATED)
fanout608/X                              10     21    -11 (VIOLATED)
fanout610/X                              10     21    -11 (VIOLATED)
fanout611/X                              10     21    -11 (VIOLATED)
fanout613/X                              10     21    -11 (VIOLATED)
fanout616/X                              10     21    -11 (VIOLATED)
fanout618/X                              10     21    -11 (VIOLATED)
fanout620/X                              10     21    -11 (VIOLATED)
fanout622/X                              10     21    -11 (VIOLATED)
fanout624/X                              10     21    -11 (VIOLATED)
fanout625/X                              10     21    -11 (VIOLATED)
fanout626/X                              10     21    -11 (VIOLATED)
fanout632/X                              10     21    -11 (VIOLATED)
fanout636/X                              10     21    -11 (VIOLATED)
fanout643/X                              10     21    -11 (VIOLATED)
fanout646/X                              10     21    -11 (VIOLATED)
fanout648/X                              10     21    -11 (VIOLATED)
fanout650/X                              10     21    -11 (VIOLATED)
fanout651/X                              10     21    -11 (VIOLATED)
fanout657/X                              10     21    -11 (VIOLATED)
fanout658/X                              10     21    -11 (VIOLATED)
fanout659/X                              10     21    -11 (VIOLATED)
fanout660/X                              10     21    -11 (VIOLATED)
fanout661/X                              10     21    -11 (VIOLATED)
fanout665/X                              10     21    -11 (VIOLATED)
fanout668/X                              10     21    -11 (VIOLATED)
fanout670/X                              10     21    -11 (VIOLATED)
fanout672/X                              10     21    -11 (VIOLATED)
fanout673/X                              10     21    -11 (VIOLATED)
fanout675/X                              10     21    -11 (VIOLATED)
fanout679/X                              10     21    -11 (VIOLATED)
fanout682/X                              10     21    -11 (VIOLATED)
fanout684/X                              10     21    -11 (VIOLATED)
fanout686/X                              10     21    -11 (VIOLATED)
fanout691/X                              10     21    -11 (VIOLATED)
fanout692/X                              10     21    -11 (VIOLATED)
fanout693/X                              10     21    -11 (VIOLATED)
fanout698/X                              10     21    -11 (VIOLATED)
fanout700/X                              10     21    -11 (VIOLATED)
fanout701/X                              10     21    -11 (VIOLATED)
fanout707/X                              10     21    -11 (VIOLATED)
fanout709/X                              10     21    -11 (VIOLATED)
fanout710/X                              10     21    -11 (VIOLATED)
fanout712/X                              10     21    -11 (VIOLATED)
fanout713/X                              10     21    -11 (VIOLATED)
fanout720/X                              10     21    -11 (VIOLATED)
fanout721/X                              10     21    -11 (VIOLATED)
fanout722/X                              10     21    -11 (VIOLATED)
fanout723/X                              10     21    -11 (VIOLATED)
fanout727/X                              10     21    -11 (VIOLATED)
fanout730/X                              10     21    -11 (VIOLATED)
fanout732/X                              10     21    -11 (VIOLATED)
fanout737/X                              10     21    -11 (VIOLATED)
fanout741/X                              10     21    -11 (VIOLATED)
fanout744/X                              10     21    -11 (VIOLATED)
fanout750/X                              10     21    -11 (VIOLATED)
fanout751/X                              10     21    -11 (VIOLATED)
fanout753/X                              10     21    -11 (VIOLATED)
fanout754/X                              10     21    -11 (VIOLATED)
fanout755/X                              10     21    -11 (VIOLATED)
fanout756/X                              10     21    -11 (VIOLATED)
fanout759/X                              10     21    -11 (VIOLATED)
fanout760/X                              10     21    -11 (VIOLATED)
fanout762/X                              10     21    -11 (VIOLATED)
fanout764/X                              10     21    -11 (VIOLATED)
fanout765/X                              10     21    -11 (VIOLATED)
fanout770/X                              10     21    -11 (VIOLATED)
fanout774/X                              10     21    -11 (VIOLATED)
fanout776/X                              10     21    -11 (VIOLATED)
fanout781/X                              10     21    -11 (VIOLATED)
fanout784/X                              10     21    -11 (VIOLATED)
fanout785/X                              10     21    -11 (VIOLATED)
fanout789/X                              10     21    -11 (VIOLATED)
fanout791/X                              10     21    -11 (VIOLATED)
fanout792/X                              10     21    -11 (VIOLATED)
fanout793/X                              10     21    -11 (VIOLATED)
fanout796/X                              10     21    -11 (VIOLATED)
fanout798/X                              10     21    -11 (VIOLATED)
fanout800/X                              10     21    -11 (VIOLATED)
fanout802/X                              10     21    -11 (VIOLATED)
fanout807/X                              10     21    -11 (VIOLATED)
fanout808/X                              10     21    -11 (VIOLATED)
fanout810/X                              10     21    -11 (VIOLATED)
fanout811/X                              10     21    -11 (VIOLATED)
fanout813/X                              10     21    -11 (VIOLATED)
fanout814/X                              10     21    -11 (VIOLATED)
fanout819/X                              10     21    -11 (VIOLATED)
fanout823/X                              10     21    -11 (VIOLATED)
fanout830/X                              10     21    -11 (VIOLATED)
fanout831/X                              10     21    -11 (VIOLATED)
fanout839/X                              10     21    -11 (VIOLATED)
fanout840/X                              10     21    -11 (VIOLATED)
fanout842/X                              10     21    -11 (VIOLATED)
fanout846/X                              10     21    -11 (VIOLATED)
fanout848/X                              10     21    -11 (VIOLATED)
fanout850/X                              10     21    -11 (VIOLATED)
fanout851/X                              10     21    -11 (VIOLATED)
fanout853/X                              10     21    -11 (VIOLATED)
fanout854/X                              10     21    -11 (VIOLATED)
fanout859/X                              10     21    -11 (VIOLATED)
fanout862/X                              10     21    -11 (VIOLATED)
fanout863/X                              10     21    -11 (VIOLATED)
fanout867/X                              10     21    -11 (VIOLATED)
fanout871/X                              10     21    -11 (VIOLATED)
fanout872/X                              10     21    -11 (VIOLATED)
fanout874/X                              10     21    -11 (VIOLATED)
fanout876/X                              10     21    -11 (VIOLATED)
fanout879/X                              10     21    -11 (VIOLATED)
fanout890/X                              10     21    -11 (VIOLATED)
fanout892/X                              10     21    -11 (VIOLATED)
fanout898/X                              10     21    -11 (VIOLATED)
fanout899/X                              10     21    -11 (VIOLATED)
_05135_/Y                                10     19     -9 (VIOLATED)
_05136_/Y                                10     19     -9 (VIOLATED)
_05198_/X                                10     19     -9 (VIOLATED)
_05217_/X                                10     19     -9 (VIOLATED)
_05287_/X                                10     19     -9 (VIOLATED)
_07546_/X                                10     19     -9 (VIOLATED)
_10253_/Q                                10     19     -9 (VIOLATED)
_10302_/Q                                10     19     -9 (VIOLATED)
_10575_/Q                                10     19     -9 (VIOLATED)
_10576_/Q                                10     19     -9 (VIOLATED)
clkbuf_4_1__f_wb_clk_i/X                 10     19     -9 (VIOLATED)
clkbuf_4_3__f_wb_clk_i/X                 10     19     -9 (VIOLATED)
clkbuf_4_6__f_wb_clk_i/X                 10     19     -9 (VIOLATED)
clkbuf_4_7__f_wb_clk_i/X                 10     19     -9 (VIOLATED)
clkbuf_leaf_134_wb_clk_i/X               10     19     -9 (VIOLATED)
clkbuf_leaf_2_wb_clk_i/X                 10     19     -9 (VIOLATED)
clkbuf_leaf_44_wb_clk_i/X                10     19     -9 (VIOLATED)
clkbuf_leaf_71_wb_clk_i/X                10     19     -9 (VIOLATED)
clkbuf_leaf_92_wb_clk_i/X                10     19     -9 (VIOLATED)
fanout106/X                              10     19     -9 (VIOLATED)
fanout121/X                              10     19     -9 (VIOLATED)
fanout166/X                              10     19     -9 (VIOLATED)
fanout208/X                              10     19     -9 (VIOLATED)
fanout548/X                              10     19     -9 (VIOLATED)
fanout567/X                              10     19     -9 (VIOLATED)
fanout588/X                              10     19     -9 (VIOLATED)
fanout638/X                              10     19     -9 (VIOLATED)
fanout655/X                              10     19     -9 (VIOLATED)
fanout666/X                              10     19     -9 (VIOLATED)
fanout681/X                              10     19     -9 (VIOLATED)
fanout685/X                              10     19     -9 (VIOLATED)
fanout690/X                              10     19     -9 (VIOLATED)
fanout706/X                              10     19     -9 (VIOLATED)
fanout711/X                              10     19     -9 (VIOLATED)
fanout715/X                              10     19     -9 (VIOLATED)
fanout726/X                              10     19     -9 (VIOLATED)
fanout733/X                              10     19     -9 (VIOLATED)
fanout752/X                              10     19     -9 (VIOLATED)
fanout773/X                              10     19     -9 (VIOLATED)
fanout775/X                              10     19     -9 (VIOLATED)
fanout788/X                              10     19     -9 (VIOLATED)
fanout832/X                              10     19     -9 (VIOLATED)
fanout904/X                              10     19     -9 (VIOLATED)
_05142_/X                                10     17     -7 (VIOLATED)
_05165_/X                                10     17     -7 (VIOLATED)
_05234_/X                                10     17     -7 (VIOLATED)
_05241_/X                                10     17     -7 (VIOLATED)
_05250_/X                                10     17     -7 (VIOLATED)
_07285_/X                                10     17     -7 (VIOLATED)
_07310_/X                                10     17     -7 (VIOLATED)
_07530_/X                                10     17     -7 (VIOLATED)
_08939_/X                                10     17     -7 (VIOLATED)
_10226_/Q                                10     17     -7 (VIOLATED)
_10227_/Q                                10     17     -7 (VIOLATED)
_10228_/Q                                10     17     -7 (VIOLATED)
_10238_/Q                                10     17     -7 (VIOLATED)
_10248_/Q                                10     17     -7 (VIOLATED)
_10303_/Q                                10     17     -7 (VIOLATED)
clkbuf_0_wb_clk_i/X                      10     17     -7 (VIOLATED)
clkbuf_4_5__f_wb_clk_i/X                 10     17     -7 (VIOLATED)
fanout128/X                              10     17     -7 (VIOLATED)
fanout139/X                              10     17     -7 (VIOLATED)
fanout200/X                              10     17     -7 (VIOLATED)
fanout215/X                              10     17     -7 (VIOLATED)
fanout228/X                              10     17     -7 (VIOLATED)
fanout239/X                              10     17     -7 (VIOLATED)
fanout277/X                              10     17     -7 (VIOLATED)
fanout367/X                              10     17     -7 (VIOLATED)
fanout422/X                              10     17     -7 (VIOLATED)
fanout518/X                              10     17     -7 (VIOLATED)
fanout656/X                              10     17     -7 (VIOLATED)
fanout677/X                              10     17     -7 (VIOLATED)
fanout687/X                              10     17     -7 (VIOLATED)
fanout688/X                              10     17     -7 (VIOLATED)
fanout704/X                              10     17     -7 (VIOLATED)
fanout718/X                              10     17     -7 (VIOLATED)
fanout763/X                              10     17     -7 (VIOLATED)
fanout783/X                              10     17     -7 (VIOLATED)
fanout799/X                              10     17     -7 (VIOLATED)
fanout803/X                              10     17     -7 (VIOLATED)
fanout856/X                              10     17     -7 (VIOLATED)
fanout860/X                              10     17     -7 (VIOLATED)
fanout875/X                              10     17     -7 (VIOLATED)
fanout906/X                              10     17     -7 (VIOLATED)
hold22/X                                 10     17     -7 (VIOLATED)
hold27/X                                 10     17     -7 (VIOLATED)
hold55/X                                 10     17     -7 (VIOLATED)
hold62/X                                 10     17     -7 (VIOLATED)
fanout375/X                              10     16     -6 (VIOLATED)
_05245_/X                                10     15     -5 (VIOLATED)
_08123_/X                                10     15     -5 (VIOLATED)
_10122_/Q                                10     15     -5 (VIOLATED)
_10224_/Q                                10     15     -5 (VIOLATED)
_10225_/Q                                10     15     -5 (VIOLATED)
fanout114/X                              10     15     -5 (VIOLATED)
fanout115/X                              10     15     -5 (VIOLATED)
fanout120/X                              10     15     -5 (VIOLATED)
fanout127/X                              10     15     -5 (VIOLATED)
fanout142/X                              10     15     -5 (VIOLATED)
fanout144/X                              10     15     -5 (VIOLATED)
fanout147/X                              10     15     -5 (VIOLATED)
fanout163/X                              10     15     -5 (VIOLATED)
fanout192/X                              10     15     -5 (VIOLATED)
fanout194/X                              10     15     -5 (VIOLATED)
fanout199/X                              10     15     -5 (VIOLATED)
fanout201/X                              10     15     -5 (VIOLATED)
fanout205/X                              10     15     -5 (VIOLATED)
fanout221/X                              10     15     -5 (VIOLATED)
fanout226/X                              10     15     -5 (VIOLATED)
fanout237/X                              10     15     -5 (VIOLATED)
fanout248/X                              10     15     -5 (VIOLATED)
fanout251/X                              10     15     -5 (VIOLATED)
fanout315/X                              10     15     -5 (VIOLATED)
fanout323/X                              10     15     -5 (VIOLATED)
fanout365/X                              10     15     -5 (VIOLATED)
fanout371/X                              10     15     -5 (VIOLATED)
fanout389/X                              10     15     -5 (VIOLATED)
fanout397/X                              10     15     -5 (VIOLATED)
fanout399/X                              10     15     -5 (VIOLATED)
fanout414/X                              10     15     -5 (VIOLATED)
fanout418/X                              10     15     -5 (VIOLATED)
fanout424/X                              10     15     -5 (VIOLATED)
fanout428/X                              10     15     -5 (VIOLATED)
fanout434/X                              10     15     -5 (VIOLATED)
fanout444/X                              10     15     -5 (VIOLATED)
fanout448/X                              10     15     -5 (VIOLATED)
fanout450/X                              10     15     -5 (VIOLATED)
fanout458/X                              10     15     -5 (VIOLATED)
fanout460/X                              10     15     -5 (VIOLATED)
fanout462/X                              10     15     -5 (VIOLATED)
fanout464/X                              10     15     -5 (VIOLATED)
fanout466/X                              10     15     -5 (VIOLATED)
fanout472/X                              10     15     -5 (VIOLATED)
fanout474/X                              10     15     -5 (VIOLATED)
fanout484/X                              10     15     -5 (VIOLATED)
fanout486/X                              10     15     -5 (VIOLATED)
fanout488/X                              10     15     -5 (VIOLATED)
fanout492/X                              10     15     -5 (VIOLATED)
fanout494/X                              10     15     -5 (VIOLATED)
fanout496/X                              10     15     -5 (VIOLATED)
fanout498/X                              10     15     -5 (VIOLATED)
fanout502/X                              10     15     -5 (VIOLATED)
fanout504/X                              10     15     -5 (VIOLATED)
fanout508/X                              10     15     -5 (VIOLATED)
fanout510/X                              10     15     -5 (VIOLATED)
fanout520/X                              10     15     -5 (VIOLATED)
fanout522/X                              10     15     -5 (VIOLATED)
fanout530/X                              10     15     -5 (VIOLATED)
fanout532/X                              10     15     -5 (VIOLATED)
fanout534/X                              10     15     -5 (VIOLATED)
fanout540/X                              10     15     -5 (VIOLATED)
fanout550/X                              10     15     -5 (VIOLATED)
fanout552/X                              10     15     -5 (VIOLATED)
fanout555/X                              10     15     -5 (VIOLATED)
fanout556/X                              10     15     -5 (VIOLATED)
fanout559/X                              10     15     -5 (VIOLATED)
fanout575/X                              10     15     -5 (VIOLATED)
fanout581/X                              10     15     -5 (VIOLATED)
fanout641/X                              10     15     -5 (VIOLATED)
fanout669/X                              10     15     -5 (VIOLATED)
fanout678/X                              10     15     -5 (VIOLATED)
fanout699/X                              10     15     -5 (VIOLATED)
fanout716/X                              10     15     -5 (VIOLATED)
fanout719/X                              10     15     -5 (VIOLATED)
fanout740/X                              10     15     -5 (VIOLATED)
fanout743/X                              10     15     -5 (VIOLATED)
fanout747/X                              10     15     -5 (VIOLATED)
fanout761/X                              10     15     -5 (VIOLATED)
fanout795/X                              10     15     -5 (VIOLATED)
fanout804/X                              10     15     -5 (VIOLATED)
fanout844/X                              10     15     -5 (VIOLATED)
fanout849/X                              10     15     -5 (VIOLATED)
fanout884/X                              10     15     -5 (VIOLATED)
fanout131/X                              10     14     -4 (VIOLATED)
_07519_/X                                10     13     -3 (VIOLATED)
_10154_/Q                                10     13     -3 (VIOLATED)
_10439_/Q                                10     13     -3 (VIOLATED)
fanout119/X                              10     13     -3 (VIOLATED)
fanout123/X                              10     13     -3 (VIOLATED)
fanout133/X                              10     13     -3 (VIOLATED)
fanout136/X                              10     13     -3 (VIOLATED)
fanout140/X                              10     13     -3 (VIOLATED)
fanout154/X                              10     13     -3 (VIOLATED)
fanout167/X                              10     13     -3 (VIOLATED)
fanout175/X                              10     13     -3 (VIOLATED)
fanout176/X                              10     13     -3 (VIOLATED)
fanout186/X                              10     13     -3 (VIOLATED)
fanout219/X                              10     13     -3 (VIOLATED)
fanout245/X                              10     13     -3 (VIOLATED)
fanout283/X                              10     13     -3 (VIOLATED)
fanout285/X                              10     13     -3 (VIOLATED)
fanout287/X                              10     13     -3 (VIOLATED)
fanout289/X                              10     13     -3 (VIOLATED)
fanout291/X                              10     13     -3 (VIOLATED)
fanout293/X                              10     13     -3 (VIOLATED)
fanout295/X                              10     13     -3 (VIOLATED)
fanout297/X                              10     13     -3 (VIOLATED)
fanout299/X                              10     13     -3 (VIOLATED)
fanout301/X                              10     13     -3 (VIOLATED)
fanout303/X                              10     13     -3 (VIOLATED)
fanout305/X                              10     13     -3 (VIOLATED)
fanout307/X                              10     13     -3 (VIOLATED)
fanout309/X                              10     13     -3 (VIOLATED)
fanout311/X                              10     13     -3 (VIOLATED)
fanout313/X                              10     13     -3 (VIOLATED)
fanout317/X                              10     13     -3 (VIOLATED)
fanout319/X                              10     13     -3 (VIOLATED)
fanout321/X                              10     13     -3 (VIOLATED)
fanout325/X                              10     13     -3 (VIOLATED)
fanout327/X                              10     13     -3 (VIOLATED)
fanout329/X                              10     13     -3 (VIOLATED)
fanout331/X                              10     13     -3 (VIOLATED)
fanout333/X                              10     13     -3 (VIOLATED)
fanout335/X                              10     13     -3 (VIOLATED)
fanout337/X                              10     13     -3 (VIOLATED)
fanout339/X                              10     13     -3 (VIOLATED)
fanout341/X                              10     13     -3 (VIOLATED)
fanout343/X                              10     13     -3 (VIOLATED)
fanout345/X                              10     13     -3 (VIOLATED)
fanout347/X                              10     13     -3 (VIOLATED)
fanout349/X                              10     13     -3 (VIOLATED)
fanout351/X                              10     13     -3 (VIOLATED)
fanout353/X                              10     13     -3 (VIOLATED)
fanout355/X                              10     13     -3 (VIOLATED)
fanout357/X                              10     13     -3 (VIOLATED)
fanout359/X                              10     13     -3 (VIOLATED)
fanout361/X                              10     13     -3 (VIOLATED)
fanout363/X                              10     13     -3 (VIOLATED)
fanout369/X                              10     13     -3 (VIOLATED)
fanout373/X                              10     13     -3 (VIOLATED)
fanout377/X                              10     13     -3 (VIOLATED)
fanout379/X                              10     13     -3 (VIOLATED)
fanout381/X                              10     13     -3 (VIOLATED)
fanout383/X                              10     13     -3 (VIOLATED)
fanout385/X                              10     13     -3 (VIOLATED)
fanout387/X                              10     13     -3 (VIOLATED)
fanout391/X                              10     13     -3 (VIOLATED)
fanout393/X                              10     13     -3 (VIOLATED)
fanout395/X                              10     13     -3 (VIOLATED)
fanout401/X                              10     13     -3 (VIOLATED)
fanout403/X                              10     13     -3 (VIOLATED)
fanout405/X                              10     13     -3 (VIOLATED)
fanout407/X                              10     13     -3 (VIOLATED)
fanout409/X                              10     13     -3 (VIOLATED)
fanout430/X                              10     13     -3 (VIOLATED)
fanout432/X                              10     13     -3 (VIOLATED)
fanout436/X                              10     13     -3 (VIOLATED)
fanout442/X                              10     13     -3 (VIOLATED)
fanout446/X                              10     13     -3 (VIOLATED)
fanout452/X                              10     13     -3 (VIOLATED)
fanout456/X                              10     13     -3 (VIOLATED)
fanout468/X                              10     13     -3 (VIOLATED)
fanout470/X                              10     13     -3 (VIOLATED)
fanout476/X                              10     13     -3 (VIOLATED)
fanout480/X                              10     13     -3 (VIOLATED)
fanout490/X                              10     13     -3 (VIOLATED)
fanout500/X                              10     13     -3 (VIOLATED)
fanout506/X                              10     13     -3 (VIOLATED)
fanout512/X                              10     13     -3 (VIOLATED)
fanout514/X                              10     13     -3 (VIOLATED)
fanout516/X                              10     13     -3 (VIOLATED)
fanout524/X                              10     13     -3 (VIOLATED)
fanout528/X                              10     13     -3 (VIOLATED)
fanout536/X                              10     13     -3 (VIOLATED)
fanout538/X                              10     13     -3 (VIOLATED)
fanout542/X                              10     13     -3 (VIOLATED)
fanout544/X                              10     13     -3 (VIOLATED)
fanout569/X                              10     13     -3 (VIOLATED)
fanout597/X                              10     13     -3 (VIOLATED)
fanout649/X                              10     13     -3 (VIOLATED)
fanout653/X                              10     13     -3 (VIOLATED)
fanout664/X                              10     13     -3 (VIOLATED)
fanout667/X                              10     13     -3 (VIOLATED)
fanout674/X                              10     13     -3 (VIOLATED)
fanout689/X                              10     13     -3 (VIOLATED)
fanout703/X                              10     13     -3 (VIOLATED)
fanout778/X                              10     13     -3 (VIOLATED)
fanout812/X                              10     13     -3 (VIOLATED)
fanout826/X                              10     13     -3 (VIOLATED)
fanout837/X                              10     13     -3 (VIOLATED)
fanout845/X                              10     13     -3 (VIOLATED)
fanout868/X                              10     13     -3 (VIOLATED)
fanout878/X                              10     13     -3 (VIOLATED)
fanout900/X                              10     13     -3 (VIOLATED)
input12/X                                10     13     -3 (VIOLATED)
analog_io[22]                            10     12     -2 (VIOLATED)
clkbuf_leaf_150_wb_clk_i/X               10     12     -2 (VIOLATED)
clkbuf_leaf_8_wb_clk_i/X                 10     12     -2 (VIOLATED)
_05095_/Y                                10     11        (VIOLATED)
_05272_/X                                10     11        (VIOLATED)
_05322_/X                                10     11        (VIOLATED)
_05324_/X                                10     11        (VIOLATED)
_07453_/X                                10     11        (VIOLATED)
_07457_/X                                10     11        (VIOLATED)
_07532_/X                                10     11        (VIOLATED)
_07991_/X                                10     11        (VIOLATED)
_08060_/Y                                10     11        (VIOLATED)
_10159_/Q                                10     11        (VIOLATED)
_10236_/Q                                10     11        (VIOLATED)
_10353_/Q                                10     11        (VIOLATED)
_10752_/Q                                10     11        (VIOLATED)
clkbuf_leaf_160_wb_clk_i/X               10     11        (VIOLATED)
clkbuf_leaf_35_wb_clk_i/X                10     11        (VIOLATED)
fanout103/X                              10     11        (VIOLATED)
fanout107/X                              10     11        (VIOLATED)
fanout145/X                              10     11        (VIOLATED)
fanout149/X                              10     11        (VIOLATED)
fanout156/X                              10     11        (VIOLATED)
fanout158/X                              10     11        (VIOLATED)
fanout159/X                              10     11        (VIOLATED)
fanout161/X                              10     11        (VIOLATED)
fanout168/X                              10     11        (VIOLATED)
fanout177/X                              10     11        (VIOLATED)
fanout179/X                              10     11        (VIOLATED)
fanout182/X                              10     11        (VIOLATED)
fanout184/X                              10     11        (VIOLATED)
fanout203/X                              10     11        (VIOLATED)
fanout211/X                              10     11        (VIOLATED)
fanout222/X                              10     11        (VIOLATED)
fanout231/X                              10     11        (VIOLATED)
fanout261/X                              10     11        (VIOLATED)
fanout438/X                              10     11        (VIOLATED)
fanout440/X                              10     11        (VIOLATED)
fanout454/X                              10     11        (VIOLATED)
fanout478/X                              10     11        (VIOLATED)
fanout482/X                              10     11        (VIOLATED)
fanout526/X                              10     11        (VIOLATED)
fanout546/X                              10     11        (VIOLATED)
fanout615/X                              10     11        (VIOLATED)
fanout617/X                              10     11        (VIOLATED)
fanout619/X                              10     11        (VIOLATED)
fanout621/X                              10     11        (VIOLATED)
fanout623/X                              10     11        (VIOLATED)
fanout637/X                              10     11        (VIOLATED)
fanout644/X                              10     11        (VIOLATED)
fanout652/X                              10     11        (VIOLATED)
fanout736/X                              10     11        (VIOLATED)
fanout738/X                              10     11        (VIOLATED)
fanout739/X                              10     11        (VIOLATED)
fanout742/X                              10     11        (VIOLATED)
fanout745/X                              10     11        (VIOLATED)
fanout757/X                              10     11        (VIOLATED)
fanout758/X                              10     11        (VIOLATED)
fanout766/X                              10     11        (VIOLATED)
fanout769/X                              10     11        (VIOLATED)
fanout771/X                              10     11        (VIOLATED)
fanout786/X                              10     11        (VIOLATED)
fanout790/X                              10     11        (VIOLATED)
fanout794/X                              10     11        (VIOLATED)
fanout809/X                              10     11        (VIOLATED)
fanout815/X                              10     11        (VIOLATED)
fanout821/X                              10     11        (VIOLATED)
fanout822/X                              10     11        (VIOLATED)
fanout829/X                              10     11        (VIOLATED)
fanout835/X                              10     11        (VIOLATED)
fanout857/X                              10     11        (VIOLATED)
fanout865/X                              10     11        (VIOLATED)
fanout869/X                              10     11        (VIOLATED)
fanout870/X                              10     11        (VIOLATED)
fanout881/X                              10     11        (VIOLATED)
fanout887/X                              10     11        (VIOLATED)
fanout888/X                              10     11        (VIOLATED)
fanout893/X                              10     11        (VIOLATED)
fanout897/X                              10     11        (VIOLATED)
fanout905/X                              10     11        (VIOLATED)
input17/X                                10     11        (VIOLATED)
input54/X                                10     11        (VIOLATED)



===========================================================================
report_parasitic_annotation -report_unannotated
============================================================================
Found 746 unannotated drivers.
 analog_io[0]
 analog_io[10]
 analog_io[11]
 analog_io[12]
 analog_io[13]
 analog_io[14]
 analog_io[15]
 analog_io[16]
 analog_io[17]
 analog_io[1]
 analog_io[28]
 analog_io[2]
 analog_io[3]
 analog_io[4]
 analog_io[5]
 analog_io[6]
 analog_io[7]
 analog_io[8]
 analog_io[9]
 io_in[0]
 io_in[11]
 io_in[12]
 io_in[13]
 io_in[14]
 io_in[15]
 io_in[16]
 io_in[17]
 io_in[18]
 io_in[19]
 io_in[1]
 io_in[20]
 io_in[23]
 io_in[24]
 io_in[25]
 io_in[26]
 io_in[27]
 io_in[28]
 io_in[29]
 io_in[2]
 io_in[30]
 io_in[31]
 io_in[32]
 io_in[33]
 io_in[34]
 io_in[37]
 io_in[3]
 io_in[4]
 la_data_in[0]
 la_data_in[100]
 la_data_in[101]
 la_data_in[102]
 la_data_in[103]
 la_data_in[104]
 la_data_in[105]
 la_data_in[106]
 la_data_in[107]
 la_data_in[108]
 la_data_in[109]
 la_data_in[10]
 la_data_in[110]
 la_data_in[111]
 la_data_in[112]
 la_data_in[113]
 la_data_in[114]
 la_data_in[115]
 la_data_in[116]
 la_data_in[117]
 la_data_in[118]
 la_data_in[119]
 la_data_in[11]
 la_data_in[120]
 la_data_in[121]
 la_data_in[122]
 la_data_in[123]
 la_data_in[124]
 la_data_in[125]
 la_data_in[126]
 la_data_in[127]
 la_data_in[12]
 la_data_in[13]
 la_data_in[14]
 la_data_in[15]
 la_data_in[16]
 la_data_in[17]
 la_data_in[18]
 la_data_in[19]
 la_data_in[1]
 la_data_in[20]
 la_data_in[21]
 la_data_in[22]
 la_data_in[23]
 la_data_in[24]
 la_data_in[25]
 la_data_in[26]
 la_data_in[27]
 la_data_in[28]
 la_data_in[29]
 la_data_in[2]
 la_data_in[30]
 la_data_in[31]
 la_data_in[32]
 la_data_in[33]
 la_data_in[34]
 la_data_in[35]
 la_data_in[36]
 la_data_in[37]
 la_data_in[38]
 la_data_in[39]
 la_data_in[3]
 la_data_in[40]
 la_data_in[41]
 la_data_in[42]
 la_data_in[43]
 la_data_in[44]
 la_data_in[45]
 la_data_in[46]
 la_data_in[47]
 la_data_in[48]
 la_data_in[49]
 la_data_in[4]
 la_data_in[50]
 la_data_in[51]
 la_data_in[52]
 la_data_in[53]
 la_data_in[54]
 la_data_in[55]
 la_data_in[56]
 la_data_in[57]
 la_data_in[58]
 la_data_in[59]
 la_data_in[5]
 la_data_in[60]
 la_data_in[61]
 la_data_in[62]
 la_data_in[63]
 la_data_in[64]
 la_data_in[65]
 la_data_in[66]
 la_data_in[67]
 la_data_in[68]
 la_data_in[69]
 la_data_in[6]
 la_data_in[70]
 la_data_in[71]
 la_data_in[72]
 la_data_in[73]
 la_data_in[74]
 la_data_in[75]
 la_data_in[76]
 la_data_in[77]
 la_data_in[78]
 la_data_in[79]
 la_data_in[7]
 la_data_in[80]
 la_data_in[81]
 la_data_in[82]
 la_data_in[83]
 la_data_in[84]
 la_data_in[85]
 la_data_in[86]
 la_data_in[87]
 la_data_in[88]
 la_data_in[89]
 la_data_in[8]
 la_data_in[90]
 la_data_in[91]
 la_data_in[92]
 la_data_in[93]
 la_data_in[94]
 la_data_in[95]
 la_data_in[96]
 la_data_in[97]
 la_data_in[98]
 la_data_in[99]
 la_data_in[9]
 la_oenb[0]
 la_oenb[100]
 la_oenb[101]
 la_oenb[102]
 la_oenb[103]
 la_oenb[104]
 la_oenb[105]
 la_oenb[106]
 la_oenb[107]
 la_oenb[108]
 la_oenb[109]
 la_oenb[10]
 la_oenb[110]
 la_oenb[111]
 la_oenb[112]
 la_oenb[113]
 la_oenb[114]
 la_oenb[115]
 la_oenb[116]
 la_oenb[117]
 la_oenb[118]
 la_oenb[119]
 la_oenb[11]
 la_oenb[120]
 la_oenb[121]
 la_oenb[122]
 la_oenb[123]
 la_oenb[124]
 la_oenb[125]
 la_oenb[126]
 la_oenb[127]
 la_oenb[12]
 la_oenb[13]
 la_oenb[14]
 la_oenb[15]
 la_oenb[16]
 la_oenb[17]
 la_oenb[18]
 la_oenb[19]
 la_oenb[1]
 la_oenb[20]
 la_oenb[21]
 la_oenb[22]
 la_oenb[23]
 la_oenb[24]
 la_oenb[25]
 la_oenb[26]
 la_oenb[27]
 la_oenb[28]
 la_oenb[29]
 la_oenb[2]
 la_oenb[30]
 la_oenb[31]
 la_oenb[32]
 la_oenb[33]
 la_oenb[34]
 la_oenb[35]
 la_oenb[36]
 la_oenb[37]
 la_oenb[38]
 la_oenb[39]
 la_oenb[3]
 la_oenb[40]
 la_oenb[41]
 la_oenb[42]
 la_oenb[43]
 la_oenb[44]
 la_oenb[45]
 la_oenb[46]
 la_oenb[47]
 la_oenb[48]
 la_oenb[49]
 la_oenb[4]
 la_oenb[50]
 la_oenb[51]
 la_oenb[52]
 la_oenb[53]
 la_oenb[54]
 la_oenb[55]
 la_oenb[56]
 la_oenb[57]
 la_oenb[58]
 la_oenb[59]
 la_oenb[5]
 la_oenb[60]
 la_oenb[61]
 la_oenb[62]
 la_oenb[63]
 la_oenb[64]
 la_oenb[65]
 la_oenb[66]
 la_oenb[67]
 la_oenb[68]
 la_oenb[69]
 la_oenb[6]
 la_oenb[70]
 la_oenb[71]
 la_oenb[72]
 la_oenb[73]
 la_oenb[74]
 la_oenb[75]
 la_oenb[76]
 la_oenb[77]
 la_oenb[78]
 la_oenb[79]
 la_oenb[7]
 la_oenb[80]
 la_oenb[81]
 la_oenb[82]
 la_oenb[83]
 la_oenb[84]
 la_oenb[85]
 la_oenb[86]
 la_oenb[87]
 la_oenb[88]
 la_oenb[89]
 la_oenb[8]
 la_oenb[90]
 la_oenb[91]
 la_oenb[92]
 la_oenb[93]
 la_oenb[94]
 la_oenb[95]
 la_oenb[96]
 la_oenb[97]
 la_oenb[98]
 la_oenb[99]
 la_oenb[9]
 user_clock2
 wbs_adr_i[0]
 wbs_adr_i[10]
 wbs_adr_i[11]
 wbs_adr_i[16]
 wbs_adr_i[17]
 wbs_adr_i[18]
 wbs_adr_i[19]
 wbs_adr_i[1]
 wbs_adr_i[20]
 wbs_adr_i[21]
 wbs_adr_i[22]
 wbs_adr_i[23]
 wbs_adr_i[24]
 wbs_adr_i[25]
 wbs_adr_i[26]
 wbs_adr_i[27]
 wbs_adr_i[28]
 wbs_adr_i[29]
 wbs_adr_i[30]
 wbs_adr_i[31]
 wbs_adr_i[3]
 wbs_adr_i[4]
 wbs_adr_i[5]
 wbs_adr_i[6]
 wbs_adr_i[7]
 wbs_adr_i[8]
 wbs_adr_i[9]
 clkload0/Y
 clkload1/Y
 clkload10/Y
 clkload100/Y
 clkload101/X
 clkload102/Y
 clkload103/X
 clkload104/Y
 clkload105/X
 clkload106/Y
 clkload107/X
 clkload108/Y
 clkload109/Y
 clkload11/Y
 clkload110/Y
 clkload111/Y
 clkload112/X
 clkload113/X
 clkload114/Y
 clkload115/Y
 clkload116/Y
 clkload117/Y
 clkload118/X
 clkload119/Y
 clkload12/Y
 clkload120/Y
 clkload121/Y
 clkload122/Y
 clkload123/X
 clkload124/Y
 clkload125/Y
 clkload126/Y
 clkload127/Y
 clkload128/Y
 clkload129/X
 clkload13/Y
 clkload130/X
 clkload131/X
 clkload132/X
 clkload133/Y
 clkload134/X
 clkload135/X
 clkload136/Y
 clkload137/Y
 clkload138/X
 clkload139/Y
 clkload14/X
 clkload140/Y
 clkload141/X
 clkload142/Y
 clkload143/Y
 clkload144/Y
 clkload145/Y
 clkload146/Y
 clkload147/X
 clkload148/X
 clkload149/X
 clkload15/Y
 clkload150/Y
 clkload16/Y
 clkload17/Y
 clkload18/Y
 clkload19/Y
 clkload2/Y
 clkload20/Y
 clkload21/Y
 clkload22/X
 clkload23/Y
 clkload24/Y
 clkload25/Y
 clkload26/Y
 clkload27/Y
 clkload28/Y
 clkload29/X
 clkload3/X
 clkload30/Y
 clkload31/Y
 clkload32/Y
 clkload33/Y
 clkload34/Y
 clkload35/X
 clkload36/X
 clkload37/Y
 clkload38/Y
 clkload39/Y
 clkload4/Y
 clkload40/Y
 clkload41/Y
 clkload42/Y
 clkload43/Y
 clkload44/Y
 clkload45/Y
 clkload46/Y
 clkload47/Y
 clkload48/Y
 clkload49/Y
 clkload5/X
 clkload50/Y
 clkload51/Y
 clkload52/Y
 clkload53/Y
 clkload54/Y
 clkload55/Y
 clkload56/Y
 clkload57/Y
 clkload58/X
 clkload59/Y
 clkload6/X
 clkload60/Y
 clkload61/Y
 clkload62/Y
 clkload63/Y
 clkload64/Y
 clkload65/Y
 clkload66/Y
 clkload67/Y
 clkload68/Y
 clkload69/Y
 clkload7/Y
 clkload70/X
 clkload71/X
 clkload72/Y
 clkload73/X
 clkload74/X
 clkload75/Y
 clkload76/Y
 clkload77/Y
 clkload78/X
 clkload79/Y
 clkload8/X
 clkload80/Y
 clkload81/Y
 clkload82/Y
 clkload83/Y
 clkload84/Y
 clkload85/Y
 clkload86/X
 clkload87/X
 clkload88/Y
 clkload89/Y
 clkload9/Y
 clkload90/Y
 clkload91/Y
 clkload92/Y
 clkload93/Y
 clkload94/Y
 clkload95/Y
 clkload96/Y
 clkload97/Y
 clkload98/Y
 clkload99/Y
 neuro_inst.synapse_matrix_inst.X1_inst/VDDA1
 neuro_inst.synapse_matrix_inst.X1_inst/VDDA2
 neuro_inst.synapse_matrix_inst.X1_inst/VDDC1
 neuro_inst.synapse_matrix_inst.X1_inst/VDDC2
 neuro_inst.synapse_matrix_inst.X1_inst/VSS
 neuro_inst.synapse_matrix_inst.X1_inst/wbs_dat_o[10]
 neuro_inst.synapse_matrix_inst.X1_inst/wbs_dat_o[11]
 neuro_inst.synapse_matrix_inst.X1_inst/wbs_dat_o[12]
 neuro_inst.synapse_matrix_inst.X1_inst/wbs_dat_o[13]
 neuro_inst.synapse_matrix_inst.X1_inst/wbs_dat_o[14]
 neuro_inst.synapse_matrix_inst.X1_inst/wbs_dat_o[15]
 neuro_inst.synapse_matrix_inst.X1_inst/wbs_dat_o[16]
 neuro_inst.synapse_matrix_inst.X1_inst/wbs_dat_o[17]
 neuro_inst.synapse_matrix_inst.X1_inst/wbs_dat_o[18]
 neuro_inst.synapse_matrix_inst.X1_inst/wbs_dat_o[19]
 neuro_inst.synapse_matrix_inst.X1_inst/wbs_dat_o[1]
 neuro_inst.synapse_matrix_inst.X1_inst/wbs_dat_o[20]
 neuro_inst.synapse_matrix_inst.X1_inst/wbs_dat_o[21]
 neuro_inst.synapse_matrix_inst.X1_inst/wbs_dat_o[22]
 neuro_inst.synapse_matrix_inst.X1_inst/wbs_dat_o[23]
 neuro_inst.synapse_matrix_inst.X1_inst/wbs_dat_o[24]
 neuro_inst.synapse_matrix_inst.X1_inst/wbs_dat_o[25]
 neuro_inst.synapse_matrix_inst.X1_inst/wbs_dat_o[26]
 neuro_inst.synapse_matrix_inst.X1_inst/wbs_dat_o[27]
 neuro_inst.synapse_matrix_inst.X1_inst/wbs_dat_o[28]
 neuro_inst.synapse_matrix_inst.X1_inst/wbs_dat_o[29]
 neuro_inst.synapse_matrix_inst.X1_inst/wbs_dat_o[2]
 neuro_inst.synapse_matrix_inst.X1_inst/wbs_dat_o[30]
 neuro_inst.synapse_matrix_inst.X1_inst/wbs_dat_o[31]
 neuro_inst.synapse_matrix_inst.X1_inst/wbs_dat_o[3]
 neuro_inst.synapse_matrix_inst.X1_inst/wbs_dat_o[4]
 neuro_inst.synapse_matrix_inst.X1_inst/wbs_dat_o[5]
 neuro_inst.synapse_matrix_inst.X1_inst/wbs_dat_o[6]
 neuro_inst.synapse_matrix_inst.X1_inst/wbs_dat_o[7]
 neuro_inst.synapse_matrix_inst.X1_inst/wbs_dat_o[8]
 neuro_inst.synapse_matrix_inst.X1_inst/wbs_dat_o[9]
 neuro_inst.synapse_matrix_inst.X1_inst_1130/LO
 neuro_inst.synapse_matrix_inst.X1_inst_1131/LO
 neuro_inst.synapse_matrix_inst.X1_inst_1132/LO
 neuro_inst.synapse_matrix_inst.X1_inst_907/HI
 neuro_inst.synapse_matrix_inst.X1_inst_908/HI
 neuro_inst.synapse_matrix_inst.X1_inst_909/HI
 neuro_inst.synapse_matrix_inst.X1_inst_910/HI
 neuro_inst.synapse_matrix_inst.X1_inst_911/HI
 neuro_inst.synapse_matrix_inst.X1_inst_912/HI
 neuro_inst.synapse_matrix_inst.X1_inst_913/HI
 neuro_inst.synapse_matrix_inst.X1_inst_914/HI
 neuro_inst.synapse_matrix_inst.X1_inst_915/HI
 neuro_inst.synapse_matrix_inst.X1_inst_916/HI
 neuro_inst.synapse_matrix_inst.X1_inst_917/HI
 neuro_inst.synapse_matrix_inst.X1_inst_918/HI
 neuro_inst.synapse_matrix_inst.X1_inst_919/HI
 neuro_inst.synapse_matrix_inst.X1_inst_920/HI
 neuro_inst.synapse_matrix_inst.X1_inst_921/HI
 neuro_inst.synapse_matrix_inst.X1_inst_922/HI
 neuro_inst.synapse_matrix_inst.X1_inst_923/HI
 neuro_inst.synapse_matrix_inst.X1_inst_924/HI
 neuro_inst.synapse_matrix_inst.X1_inst_925/HI
 neuro_inst.synapse_matrix_inst.X1_inst_926/HI
 neuro_inst.synapse_matrix_inst.X1_inst_927/HI
 neuro_inst.synapse_matrix_inst.X1_inst_928/HI
 neuro_inst.synapse_matrix_inst.X1_inst_929/HI
 neuro_inst.synapse_matrix_inst.X1_inst_930/HI
 neuro_inst.synapse_matrix_inst.X1_inst_931/HI
 neuro_inst.synapse_matrix_inst.X1_inst_932/HI
 neuro_inst.synapse_matrix_inst.X1_inst_933/HI
 neuro_inst.synapse_matrix_inst.X1_inst_934/HI
 neuro_inst.synapse_matrix_inst.X1_inst_935/HI
 user_project_wrapper_1000/HI
 user_project_wrapper_1001/HI
 user_project_wrapper_1002/HI
 user_project_wrapper_1003/HI
 user_project_wrapper_1004/HI
 user_project_wrapper_1005/HI
 user_project_wrapper_1006/HI
 user_project_wrapper_1007/HI
 user_project_wrapper_1008/HI
 user_project_wrapper_1009/HI
 user_project_wrapper_1010/HI
 user_project_wrapper_1011/HI
 user_project_wrapper_1012/HI
 user_project_wrapper_1013/HI
 user_project_wrapper_1014/HI
 user_project_wrapper_1015/HI
 user_project_wrapper_1016/HI
 user_project_wrapper_1017/HI
 user_project_wrapper_1018/HI
 user_project_wrapper_1019/HI
 user_project_wrapper_1020/HI
 user_project_wrapper_1021/HI
 user_project_wrapper_1022/HI
 user_project_wrapper_1023/HI
 user_project_wrapper_1024/HI
 user_project_wrapper_1025/HI
 user_project_wrapper_1026/HI
 user_project_wrapper_1027/HI
 user_project_wrapper_1028/HI
 user_project_wrapper_1029/HI
 user_project_wrapper_1030/HI
 user_project_wrapper_1031/HI
 user_project_wrapper_1032/HI
 user_project_wrapper_1033/HI
 user_project_wrapper_1034/HI
 user_project_wrapper_1035/HI
 user_project_wrapper_1036/HI
 user_project_wrapper_1037/HI
 user_project_wrapper_1038/HI
 user_project_wrapper_1039/HI
 user_project_wrapper_1040/HI
 user_project_wrapper_1041/HI
 user_project_wrapper_1042/HI
 user_project_wrapper_1043/HI
 user_project_wrapper_1044/HI
 user_project_wrapper_1045/HI
 user_project_wrapper_1046/HI
 user_project_wrapper_1047/HI
 user_project_wrapper_1048/HI
 user_project_wrapper_1049/HI
 user_project_wrapper_1050/HI
 user_project_wrapper_1051/HI
 user_project_wrapper_1052/HI
 user_project_wrapper_1053/HI
 user_project_wrapper_1054/HI
 user_project_wrapper_1055/HI
 user_project_wrapper_1056/HI
 user_project_wrapper_1057/HI
 user_project_wrapper_1058/HI
 user_project_wrapper_1059/HI
 user_project_wrapper_1060/HI
 user_project_wrapper_1061/HI
 user_project_wrapper_1062/HI
 user_project_wrapper_1063/HI
 user_project_wrapper_1064/HI
 user_project_wrapper_1065/HI
 user_project_wrapper_1066/HI
 user_project_wrapper_1067/HI
 user_project_wrapper_1068/HI
 user_project_wrapper_1069/HI
 user_project_wrapper_1070/HI
 user_project_wrapper_1071/HI
 user_project_wrapper_1072/HI
 user_project_wrapper_1073/HI
 user_project_wrapper_1074/HI
 user_project_wrapper_1075/HI
 user_project_wrapper_1076/HI
 user_project_wrapper_1077/HI
 user_project_wrapper_1078/HI
 user_project_wrapper_1079/HI
 user_project_wrapper_1080/HI
 user_project_wrapper_1081/HI
 user_project_wrapper_1082/HI
 user_project_wrapper_1083/HI
 user_project_wrapper_1084/HI
 user_project_wrapper_1085/HI
 user_project_wrapper_1086/HI
 user_project_wrapper_1087/HI
 user_project_wrapper_1088/HI
 user_project_wrapper_1089/HI
 user_project_wrapper_1090/HI
 user_project_wrapper_1091/HI
 user_project_wrapper_1092/HI
 user_project_wrapper_1093/HI
 user_project_wrapper_1094/HI
 user_project_wrapper_1095/HI
 user_project_wrapper_1096/HI
 user_project_wrapper_1097/HI
 user_project_wrapper_1098/HI
 user_project_wrapper_1099/HI
 user_project_wrapper_1100/HI
 user_project_wrapper_1101/HI
 user_project_wrapper_1102/HI
 user_project_wrapper_1103/HI
 user_project_wrapper_1104/HI
 user_project_wrapper_1105/HI
 user_project_wrapper_1106/HI
 user_project_wrapper_1107/HI
 user_project_wrapper_1108/HI
 user_project_wrapper_1109/HI
 user_project_wrapper_1110/HI
 user_project_wrapper_1111/HI
 user_project_wrapper_1112/HI
 user_project_wrapper_1113/HI
 user_project_wrapper_1114/HI
 user_project_wrapper_1115/HI
 user_project_wrapper_1116/HI
 user_project_wrapper_1117/HI
 user_project_wrapper_1118/HI
 user_project_wrapper_1119/HI
 user_project_wrapper_1120/HI
 user_project_wrapper_1121/HI
 user_project_wrapper_1122/HI
 user_project_wrapper_1123/HI
 user_project_wrapper_1124/HI
 user_project_wrapper_1125/HI
 user_project_wrapper_1126/HI
 user_project_wrapper_1127/HI
 user_project_wrapper_1128/HI
 user_project_wrapper_1129/HI
 user_project_wrapper_1133/LO
 user_project_wrapper_1134/LO
 user_project_wrapper_936/HI
 user_project_wrapper_937/HI
 user_project_wrapper_938/HI
 user_project_wrapper_939/HI
 user_project_wrapper_940/HI
 user_project_wrapper_941/HI
 user_project_wrapper_942/HI
 user_project_wrapper_943/HI
 user_project_wrapper_944/HI
 user_project_wrapper_945/HI
 user_project_wrapper_946/HI
 user_project_wrapper_947/HI
 user_project_wrapper_948/HI
 user_project_wrapper_949/HI
 user_project_wrapper_950/HI
 user_project_wrapper_951/HI
 user_project_wrapper_952/HI
 user_project_wrapper_953/HI
 user_project_wrapper_954/HI
 user_project_wrapper_955/HI
 user_project_wrapper_956/HI
 user_project_wrapper_957/HI
 user_project_wrapper_958/HI
 user_project_wrapper_959/HI
 user_project_wrapper_960/HI
 user_project_wrapper_961/HI
 user_project_wrapper_962/HI
 user_project_wrapper_963/HI
 user_project_wrapper_964/HI
 user_project_wrapper_965/HI
 user_project_wrapper_966/HI
 user_project_wrapper_967/HI
 user_project_wrapper_968/HI
 user_project_wrapper_969/HI
 user_project_wrapper_970/HI
 user_project_wrapper_971/HI
 user_project_wrapper_972/HI
 user_project_wrapper_973/HI
 user_project_wrapper_974/HI
 user_project_wrapper_975/HI
 user_project_wrapper_976/HI
 user_project_wrapper_977/HI
 user_project_wrapper_978/HI
 user_project_wrapper_979/HI
 user_project_wrapper_980/HI
 user_project_wrapper_981/HI
 user_project_wrapper_982/HI
 user_project_wrapper_983/HI
 user_project_wrapper_984/HI
 user_project_wrapper_985/HI
 user_project_wrapper_986/HI
 user_project_wrapper_987/HI
 user_project_wrapper_988/HI
 user_project_wrapper_989/HI
 user_project_wrapper_990/HI
 user_project_wrapper_991/HI
 user_project_wrapper_992/HI
 user_project_wrapper_993/HI
 user_project_wrapper_994/HI
 user_project_wrapper_995/HI
 user_project_wrapper_996/HI
 user_project_wrapper_997/HI
 user_project_wrapper_998/HI
 user_project_wrapper_999/HI
Found 0 partially unannotated drivers.

===========================================================================
max slew violation count 2
max fanout violation count 744
max cap violation count 0
============================================================================

===========================================================================
check_setup -verbose -unconstrained_endpoints -multiple_clock -no_clock -no_input_delay -loops -generated_clocks
===========================================================================
Warning: There are 68 input ports missing set_input_delay.
  analog_io[0]
  analog_io[10]
  analog_io[11]
  analog_io[12]
  analog_io[13]
  analog_io[14]
  analog_io[15]
  analog_io[16]
  analog_io[17]
  analog_io[18]
  analog_io[19]
  analog_io[1]
  analog_io[20]
  analog_io[21]
  analog_io[22]
  analog_io[23]
  analog_io[24]
  analog_io[25]
  analog_io[26]
  analog_io[27]
  analog_io[28]
  analog_io[2]
  analog_io[3]
  analog_io[4]
  analog_io[5]
  analog_io[6]
  analog_io[7]
  analog_io[8]
  analog_io[9]
  io_in[0]
  io_in[10]
  io_in[11]
  io_in[12]
  io_in[13]
  io_in[14]
  io_in[15]
  io_in[16]
  io_in[17]
  io_in[18]
  io_in[19]
  io_in[1]
  io_in[20]
  io_in[21]
  io_in[22]
  io_in[23]
  io_in[24]
  io_in[25]
  io_in[26]
  io_in[27]
  io_in[28]
  io_in[29]
  io_in[2]
  io_in[30]
  io_in[31]
  io_in[32]
  io_in[33]
  io_in[34]
  io_in[35]
  io_in[36]
  io_in[37]
  io_in[3]
  io_in[4]
  io_in[5]
  io_in[6]
  io_in[7]
  io_in[8]
  io_in[9]
  user_clock2
Warning: There are 380 unclocked register/latch pins.
  _10096_/CLK
  _10097_/CLK
  _10098_/CLK
  _10099_/CLK
  _10100_/CLK
  _10101_/CLK
  _10102_/CLK
  _10103_/CLK
  _10104_/CLK
  _10105_/CLK
  _10106_/CLK
  _10107_/CLK
  _10108_/CLK
  _10109_/CLK
  _10110_/CLK
  _10111_/CLK
  _10112_/CLK
  _10113_/CLK
  _10114_/CLK
  _10115_/CLK
  _10116_/CLK
  _10117_/CLK
  _10118_/CLK
  _10119_/CLK
  _10120_/CLK
  _10121_/CLK
  _10122_/CLK
  _10123_/CLK
  _10124_/CLK
  _10125_/CLK
  _10126_/CLK
  _10127_/CLK
  _10128_/CLK
  _10129_/CLK
  _10130_/CLK
  _10131_/CLK
  _10132_/CLK
  _10133_/CLK
  _10134_/CLK
  _10135_/CLK
  _10136_/CLK
  _10137_/CLK
  _10138_/CLK
  _10139_/CLK
  _10140_/CLK
  _10141_/CLK
  _10142_/CLK
  _10143_/CLK
  _10144_/CLK
  _10145_/CLK
  _10146_/CLK
  _10147_/CLK
  _10148_/CLK
  _10149_/CLK
  _10150_/CLK
  _10151_/CLK
  _10152_/CLK
  _10153_/CLK
  _10154_/CLK
  _10155_/CLK
  _10156_/CLK
  _10157_/CLK
  _10158_/CLK
  _10159_/CLK
  _10160_/CLK
  _10161_/CLK
  _10162_/CLK
  _10163_/CLK
  _10164_/CLK
  _10165_/CLK
  _10166_/CLK
  _10167_/CLK
  _10168_/CLK
  _10169_/CLK
  _10170_/CLK
  _10171_/CLK
  _10172_/CLK
  _10173_/CLK
  _10174_/CLK
  _10175_/CLK
  _10176_/CLK
  _10177_/CLK
  _10178_/CLK
  _10179_/CLK
  _10180_/CLK
  _10181_/CLK
  _10182_/CLK
  _10183_/CLK
  _10184_/CLK
  _10185_/CLK
  _10186_/CLK
  _10187_/CLK
  _10188_/CLK
  _10189_/CLK
  _10190_/CLK
  _10191_/CLK
  _10192_/CLK
  _10193_/CLK
  _10194_/CLK
  _10195_/CLK
  _10196_/CLK
  _10197_/CLK
  _10198_/CLK
  _10199_/CLK
  _10200_/CLK
  _10201_/CLK
  _10202_/CLK
  _10203_/CLK
  _10204_/CLK
  _10205_/CLK
  _10206_/CLK
  _10207_/CLK
  _10208_/CLK
  _10209_/CLK
  _10210_/CLK
  _10211_/CLK
  _10212_/CLK
  _10213_/CLK
  _10214_/CLK
  _10215_/CLK
  _10216_/CLK
  _10217_/CLK
  _10218_/CLK
  _10219_/CLK
  _10220_/CLK
  _10221_/CLK
  _10222_/CLK
  _10223_/CLK
  _10224_/CLK
  _10225_/CLK
  _10226_/CLK
  _10227_/CLK
  _10228_/CLK
  _10229_/CLK
  _10230_/CLK
  _10231_/CLK
  _10232_/CLK
  _10233_/CLK
  _10234_/CLK
  _10235_/CLK
  _10236_/CLK
  _10237_/CLK
  _10238_/CLK
  _10239_/CLK
  _10240_/CLK
  _10241_/CLK
  _10242_/CLK
  _10243_/CLK
  _10244_/CLK
  _10245_/CLK
  _10246_/CLK
  _10247_/CLK
  _10248_/CLK
  _10249_/CLK
  _10250_/CLK
  _10251_/CLK
  _10252_/CLK
  _10253_/CLK
  _10254_/CLK
  _10255_/CLK
  _10256_/CLK
  _10257_/CLK
  _10258_/CLK
  _10259_/CLK
  _10260_/CLK
  _10261_/CLK
  _10262_/CLK
  _10263_/CLK
  _10264_/CLK
  _10265_/CLK
  _10266_/CLK
  _10267_/CLK
  _10268_/CLK
  _10269_/CLK
  _10270_/CLK
  _10271_/CLK
  _10272_/CLK
  _10273_/CLK
  _10274_/CLK
  _10275_/CLK
  _10276_/CLK
  _10277_/CLK
  _10278_/CLK
  _10279_/CLK
  _10280_/CLK
  _10281_/CLK
  _10282_/CLK
  _10283_/CLK
  _10284_/CLK
  _10285_/CLK
  _10286_/CLK
  _10287_/CLK
  _10288_/CLK
  _10289_/CLK
  _10290_/CLK
  _10291_/CLK
  _10292_/CLK
  _10293_/CLK
  _10294_/CLK
  _10295_/CLK
  _10296_/CLK
  _10297_/CLK
  _10298_/CLK
  _10299_/CLK
  _10300_/CLK
  _10301_/CLK
  _10302_/CLK
  _10303_/CLK
  _10304_/CLK
  _10305_/CLK
  _10306_/CLK
  _10307_/CLK
  _10308_/CLK
  _10309_/CLK
  _10310_/CLK
  _10311_/CLK
  _10312_/CLK
  _10313_/CLK
  _10314_/CLK
  _10315_/CLK
  _10316_/CLK
  _10317_/CLK
  _10318_/CLK
  _10319_/CLK
  _10320_/CLK
  _10321_/CLK
  _10322_/CLK
  _10323_/CLK
  _10324_/CLK
  _10325_/CLK
  _10326_/CLK
  _10327_/CLK
  _10328_/CLK
  _10329_/CLK
  _10330_/CLK
  _10331_/CLK
  _10332_/CLK
  _10333_/CLK
  _10334_/CLK
  _10335_/CLK
  _10336_/CLK
  _10337_/CLK
  _10338_/CLK
  _10339_/CLK
  _10340_/CLK
  _10341_/CLK
  _10342_/CLK
  _10343_/CLK
  _10344_/CLK
  _10345_/CLK
  _10346_/CLK
  _10347_/CLK
  _10348_/CLK
  _10349_/CLK
  _10350_/CLK
  _10351_/CLK
  _10352_/CLK
  _10353_/CLK
  _10354_/CLK
  _10355_/CLK
  _10356_/CLK
  _10357_/CLK
  _10358_/CLK
  _10359_/CLK
  _10360_/CLK
  _10361_/CLK
  _10362_/CLK
  _10363_/CLK
  _10364_/CLK
  _10365_/CLK
  _10366_/CLK
  _10367_/CLK
  _10368_/CLK
  _10369_/CLK
  _10370_/CLK
  _10371_/CLK
  _10372_/CLK
  _10373_/CLK
  _10374_/CLK
  _10383_/CLK
  _10384_/CLK
  _10385_/CLK
  _10386_/CLK
  _10387_/CLK
  _10388_/CLK
  _10389_/CLK
  _10390_/CLK
  _10391_/CLK
  _10392_/CLK
  _10393_/CLK
  _10394_/CLK
  _10395_/CLK
  _10396_/CLK
  _10397_/CLK
  _10398_/CLK
  _10399_/CLK
  _10400_/CLK
  _10401_/CLK
  _10402_/CLK
  _10403_/CLK
  _10404_/CLK
  _10405_/CLK
  _10406_/CLK
  _10407_/CLK
  _10408_/CLK
  _10409_/CLK
  _10410_/CLK
  _10411_/CLK
  _10412_/CLK
  _10413_/CLK
  _10414_/CLK
  _10415_/CLK
  _10416_/CLK
  _10417_/CLK
  _10418_/CLK
  _10419_/CLK
  _10420_/CLK
  _10421_/CLK
  _10422_/CLK
  _10423_/CLK
  _10424_/CLK
  _10425_/CLK
  _10426_/CLK
  _10427_/CLK
  _10428_/CLK
  _10429_/CLK
  _10430_/CLK
  _10431_/CLK
  _10432_/CLK
  _10433_/CLK
  _10434_/CLK
  _10435_/CLK
  _10436_/CLK
  _10437_/CLK
  _10438_/CLK
  _10439_/CLK
  _10440_/CLK
  _10441_/CLK
  _10442_/CLK
  _10443_/CLK
  _10444_/CLK
  _10445_/CLK
  _10446_/CLK
  _10447_/CLK
  _10448_/CLK
  _10449_/CLK
  _10450_/CLK
  _10451_/CLK
  _10452_/CLK
  _10453_/CLK
  _10454_/CLK
  _10455_/CLK
  _10456_/CLK
  _10457_/CLK
  _10458_/CLK
  _10459_/CLK
  _10460_/CLK
  _10461_/CLK
  _10462_/CLK
  _10463_/CLK
  _10464_/CLK
  _10465_/CLK
  _10466_/CLK
  _10467_/CLK
  _10468_/CLK
  _10469_/CLK
  _10470_/CLK
  _10471_/CLK
  _10472_/CLK
  _10473_/CLK
  _10474_/CLK
  _10475_/CLK
  _10476_/CLK
  _10477_/CLK
  _10478_/CLK
  _10479_/CLK
  _10480_/CLK
  _10481_/CLK
  _11569_/CLK
  _11570_/CLK
Warning: There are 648 unconstrained endpoints.
  analog_io[0]
  analog_io[10]
  analog_io[11]
  analog_io[12]
  analog_io[13]
  analog_io[14]
  analog_io[15]
  analog_io[16]
  analog_io[17]
  analog_io[18]
  analog_io[19]
  analog_io[1]
  analog_io[20]
  analog_io[21]
  analog_io[22]
  analog_io[23]
  analog_io[24]
  analog_io[25]
  analog_io[26]
  analog_io[27]
  analog_io[28]
  analog_io[2]
  analog_io[3]
  analog_io[4]
  analog_io[5]
  analog_io[6]
  analog_io[7]
  analog_io[8]
  analog_io[9]
  io_oeb[0]
  io_oeb[10]
  io_oeb[11]
  io_oeb[12]
  io_oeb[13]
  io_oeb[14]
  io_oeb[15]
  io_oeb[16]
  io_oeb[17]
  io_oeb[18]
  io_oeb[19]
  io_oeb[1]
  io_oeb[20]
  io_oeb[21]
  io_oeb[22]
  io_oeb[23]
  io_oeb[24]
  io_oeb[25]
  io_oeb[26]
  io_oeb[27]
  io_oeb[28]
  io_oeb[29]
  io_oeb[2]
  io_oeb[30]
  io_oeb[31]
  io_oeb[32]
  io_oeb[33]
  io_oeb[34]
  io_oeb[35]
  io_oeb[36]
  io_oeb[37]
  io_oeb[3]
  io_oeb[4]
  io_oeb[5]
  io_oeb[6]
  io_oeb[7]
  io_oeb[8]
  io_oeb[9]
  io_out[0]
  io_out[10]
  io_out[11]
  io_out[12]
  io_out[13]
  io_out[14]
  io_out[15]
  io_out[16]
  io_out[17]
  io_out[18]
  io_out[19]
  io_out[1]
  io_out[20]
  io_out[21]
  io_out[22]
  io_out[23]
  io_out[24]
  io_out[25]
  io_out[26]
  io_out[27]
  io_out[28]
  io_out[29]
  io_out[2]
  io_out[30]
  io_out[31]
  io_out[32]
  io_out[33]
  io_out[34]
  io_out[35]
  io_out[36]
  io_out[37]
  io_out[3]
  io_out[4]
  io_out[5]
  io_out[6]
  io_out[7]
  io_out[8]
  io_out[9]
  la_data_out[0]
  la_data_out[100]
  la_data_out[101]
  la_data_out[102]
  la_data_out[103]
  la_data_out[104]
  la_data_out[105]
  la_data_out[106]
  la_data_out[107]
  la_data_out[108]
  la_data_out[109]
  la_data_out[10]
  la_data_out[110]
  la_data_out[111]
  la_data_out[112]
  la_data_out[113]
  la_data_out[114]
  la_data_out[115]
  la_data_out[116]
  la_data_out[117]
  la_data_out[118]
  la_data_out[119]
  la_data_out[11]
  la_data_out[120]
  la_data_out[121]
  la_data_out[122]
  la_data_out[123]
  la_data_out[124]
  la_data_out[125]
  la_data_out[126]
  la_data_out[127]
  la_data_out[12]
  la_data_out[13]
  la_data_out[14]
  la_data_out[15]
  la_data_out[16]
  la_data_out[17]
  la_data_out[18]
  la_data_out[19]
  la_data_out[1]
  la_data_out[20]
  la_data_out[21]
  la_data_out[22]
  la_data_out[23]
  la_data_out[24]
  la_data_out[25]
  la_data_out[26]
  la_data_out[27]
  la_data_out[28]
  la_data_out[29]
  la_data_out[2]
  la_data_out[30]
  la_data_out[31]
  la_data_out[32]
  la_data_out[33]
  la_data_out[34]
  la_data_out[35]
  la_data_out[36]
  la_data_out[37]
  la_data_out[38]
  la_data_out[39]
  la_data_out[3]
  la_data_out[40]
  la_data_out[41]
  la_data_out[42]
  la_data_out[43]
  la_data_out[44]
  la_data_out[45]
  la_data_out[46]
  la_data_out[47]
  la_data_out[48]
  la_data_out[49]
  la_data_out[4]
  la_data_out[50]
  la_data_out[51]
  la_data_out[52]
  la_data_out[53]
  la_data_out[54]
  la_data_out[55]
  la_data_out[56]
  la_data_out[57]
  la_data_out[58]
  la_data_out[59]
  la_data_out[5]
  la_data_out[60]
  la_data_out[61]
  la_data_out[62]
  la_data_out[63]
  la_data_out[64]
  la_data_out[65]
  la_data_out[66]
  la_data_out[67]
  la_data_out[68]
  la_data_out[69]
  la_data_out[6]
  la_data_out[70]
  la_data_out[71]
  la_data_out[72]
  la_data_out[73]
  la_data_out[74]
  la_data_out[75]
  la_data_out[76]
  la_data_out[77]
  la_data_out[78]
  la_data_out[79]
  la_data_out[7]
  la_data_out[80]
  la_data_out[81]
  la_data_out[82]
  la_data_out[83]
  la_data_out[84]
  la_data_out[85]
  la_data_out[86]
  la_data_out[87]
  la_data_out[88]
  la_data_out[89]
  la_data_out[8]
  la_data_out[90]
  la_data_out[91]
  la_data_out[92]
  la_data_out[93]
  la_data_out[94]
  la_data_out[95]
  la_data_out[96]
  la_data_out[97]
  la_data_out[98]
  la_data_out[99]
  la_data_out[9]
  user_irq[0]
  user_irq[1]
  user_irq[2]
  _10096_/D
  _10097_/D
  _10098_/D
  _10099_/D
  _10100_/D
  _10101_/D
  _10102_/D
  _10103_/D
  _10104_/D
  _10105_/D
  _10106_/D
  _10107_/D
  _10108_/D
  _10109_/D
  _10110_/D
  _10111_/D
  _10112_/D
  _10113_/D
  _10114_/D
  _10115_/D
  _10116_/D
  _10117_/D
  _10118_/D
  _10119_/D
  _10120_/D
  _10121_/D
  _10122_/D
  _10123_/D
  _10124_/D
  _10125_/D
  _10126_/D
  _10127_/D
  _10128_/D
  _10129_/D
  _10130_/D
  _10131_/D
  _10132_/D
  _10133_/D
  _10134_/D
  _10135_/D
  _10136_/D
  _10137_/D
  _10138_/D
  _10139_/D
  _10140_/D
  _10141_/D
  _10142_/D
  _10143_/D
  _10144_/D
  _10145_/D
  _10146_/D
  _10147_/D
  _10148_/D
  _10149_/D
  _10150_/D
  _10151_/D
  _10152_/D
  _10153_/D
  _10154_/D
  _10155_/D
  _10156_/D
  _10157_/D
  _10158_/D
  _10159_/D
  _10160_/D
  _10161_/D
  _10162_/D
  _10163_/D
  _10164_/D
  _10165_/D
  _10166_/D
  _10167_/D
  _10168_/D
  _10169_/D
  _10170_/D
  _10171_/D
  _10172_/D
  _10173_/D
  _10174_/D
  _10175_/D
  _10176_/D
  _10177_/D
  _10178_/D
  _10179_/D
  _10180_/D
  _10181_/D
  _10182_/D
  _10183_/D
  _10184_/D
  _10185_/D
  _10186_/D
  _10187_/D
  _10188_/D
  _10189_/D
  _10190_/D
  _10191_/D
  _10192_/D
  _10193_/D
  _10194_/D
  _10195_/D
  _10196_/D
  _10197_/D
  _10198_/D
  _10199_/D
  _10200_/D
  _10201_/D
  _10202_/D
  _10203_/D
  _10204_/D
  _10205_/D
  _10206_/D
  _10207_/D
  _10208_/D
  _10209_/D
  _10210_/D
  _10211_/D
  _10212_/D
  _10213_/D
  _10214_/D
  _10215_/D
  _10216_/D
  _10217_/D
  _10218_/D
  _10219_/D
  _10220_/D
  _10221_/D
  _10222_/D
  _10223_/D
  _10224_/D
  _10225_/D
  _10226_/D
  _10227_/D
  _10228_/D
  _10229_/D
  _10230_/D
  _10231_/D
  _10232_/D
  _10233_/D
  _10234_/D
  _10235_/D
  _10236_/D
  _10237_/D
  _10238_/D
  _10239_/D
  _10240_/D
  _10241_/D
  _10242_/D
  _10243_/D
  _10244_/D
  _10245_/D
  _10246_/D
  _10247_/D
  _10248_/D
  _10249_/D
  _10250_/D
  _10251_/D
  _10252_/D
  _10253_/D
  _10254_/D
  _10255_/D
  _10256_/D
  _10257_/D
  _10258_/D
  _10259_/D
  _10260_/D
  _10261_/D
  _10262_/D
  _10263_/D
  _10264_/D
  _10265_/D
  _10266_/D
  _10267_/D
  _10268_/D
  _10269_/D
  _10270_/D
  _10271_/D
  _10272_/D
  _10273_/D
  _10274_/D
  _10275_/D
  _10276_/D
  _10277_/D
  _10278_/D
  _10279_/D
  _10280_/D
  _10281_/D
  _10282_/D
  _10283_/D
  _10284_/D
  _10285_/D
  _10286_/D
  _10287_/D
  _10288_/D
  _10289_/D
  _10290_/D
  _10291_/D
  _10292_/D
  _10293_/D
  _10294_/D
  _10295_/D
  _10296_/D
  _10297_/D
  _10298_/D
  _10299_/D
  _10300_/D
  _10301_/D
  _10302_/D
  _10303_/D
  _10304_/D
  _10305_/D
  _10306_/D
  _10307_/D
  _10308_/D
  _10309_/D
  _10310_/D
  _10311_/D
  _10312_/D
  _10313_/D
  _10314_/D
  _10315_/D
  _10316_/D
  _10317_/D
  _10318_/D
  _10319_/D
  _10320_/D
  _10321_/D
  _10322_/D
  _10323_/D
  _10324_/D
  _10325_/D
  _10326_/D
  _10327_/D
  _10328_/D
  _10329_/D
  _10330_/D
  _10331_/D
  _10332_/D
  _10333_/D
  _10334_/D
  _10335_/D
  _10336_/D
  _10337_/D
  _10338_/D
  _10339_/D
  _10340_/D
  _10341_/D
  _10342_/D
  _10343_/D
  _10344_/D
  _10345_/D
  _10346_/D
  _10347_/D
  _10348_/D
  _10349_/D
  _10350_/D
  _10351_/D
  _10352_/D
  _10353_/D
  _10354_/D
  _10355_/D
  _10356_/D
  _10357_/D
  _10358_/D
  _10359_/D
  _10360_/D
  _10361_/D
  _10362_/D
  _10363_/D
  _10364_/D
  _10365_/D
  _10366_/D
  _10367_/D
  _10368_/D
  _10369_/D
  _10370_/D
  _10371_/D
  _10372_/D
  _10373_/D
  _10374_/D
  _10383_/D
  _10384_/D
  _10385_/D
  _10386_/D
  _10387_/D
  _10388_/D
  _10389_/D
  _10390_/D
  _10391_/D
  _10392_/D
  _10393_/D
  _10394_/D
  _10395_/D
  _10396_/D
  _10397_/D
  _10398_/D
  _10399_/D
  _10400_/D
  _10401_/D
  _10402_/D
  _10403_/D
  _10404_/D
  _10405_/D
  _10406_/D
  _10407_/D
  _10408_/D
  _10409_/D
  _10410_/D
  _10411_/D
  _10412_/D
  _10413_/D
  _10414_/D
  _10415_/D
  _10416_/D
  _10417_/D
  _10418_/D
  _10419_/D
  _10420_/D
  _10421_/D
  _10422_/D
  _10423_/D
  _10424_/D
  _10425_/D
  _10426_/D
  _10427_/D
  _10428_/D
  _10429_/D
  _10430_/D
  _10431_/D
  _10432_/D
  _10433_/D
  _10434_/D
  _10435_/D
  _10436_/D
  _10437_/D
  _10438_/D
  _10439_/D
  _10440_/D
  _10441_/D
  _10442_/D
  _10443_/D
  _10444_/D
  _10445_/D
  _10446_/D
  _10447_/D
  _10448_/D
  _10449_/D
  _10450_/D
  _10451_/D
  _10452_/D
  _10453_/D
  _10454_/D
  _10455_/D
  _10456_/D
  _10457_/D
  _10458_/D
  _10459_/D
  _10460_/D
  _10461_/D
  _10462_/D
  _10463_/D
  _10464_/D
  _10465_/D
  _10466_/D
  _10467_/D
  _10468_/D
  _10469_/D
  _10470_/D
  _10471_/D
  _10472_/D
  _10473_/D
  _10474_/D
  _10475_/D
  _10476_/D
  _10477_/D
  _10478_/D
  _10479_/D
  _10480_/D
  _10481_/D
  _11569_/D
  _11570_/D
  neuro_inst.synapse_matrix_inst.X1_inst/wbs_adr_i[0]
  neuro_inst.synapse_matrix_inst.X1_inst/wbs_adr_i[10]
  neuro_inst.synapse_matrix_inst.X1_inst/wbs_adr_i[11]
  neuro_inst.synapse_matrix_inst.X1_inst/wbs_adr_i[12]
  neuro_inst.synapse_matrix_inst.X1_inst/wbs_adr_i[13]
  neuro_inst.synapse_matrix_inst.X1_inst/wbs_adr_i[14]
  neuro_inst.synapse_matrix_inst.X1_inst/wbs_adr_i[15]
  neuro_inst.synapse_matrix_inst.X1_inst/wbs_adr_i[16]
  neuro_inst.synapse_matrix_inst.X1_inst/wbs_adr_i[17]
  neuro_inst.synapse_matrix_inst.X1_inst/wbs_adr_i[18]
  neuro_inst.synapse_matrix_inst.X1_inst/wbs_adr_i[19]
  neuro_inst.synapse_matrix_inst.X1_inst/wbs_adr_i[1]
  neuro_inst.synapse_matrix_inst.X1_inst/wbs_adr_i[20]
  neuro_inst.synapse_matrix_inst.X1_inst/wbs_adr_i[21]
  neuro_inst.synapse_matrix_inst.X1_inst/wbs_adr_i[22]
  neuro_inst.synapse_matrix_inst.X1_inst/wbs_adr_i[23]
  neuro_inst.synapse_matrix_inst.X1_inst/wbs_adr_i[24]
  neuro_inst.synapse_matrix_inst.X1_inst/wbs_adr_i[25]
  neuro_inst.synapse_matrix_inst.X1_inst/wbs_adr_i[26]
  neuro_inst.synapse_matrix_inst.X1_inst/wbs_adr_i[27]
  neuro_inst.synapse_matrix_inst.X1_inst/wbs_adr_i[28]
  neuro_inst.synapse_matrix_inst.X1_inst/wbs_adr_i[29]
  neuro_inst.synapse_matrix_inst.X1_inst/wbs_adr_i[2]
  neuro_inst.synapse_matrix_inst.X1_inst/wbs_adr_i[30]
  neuro_inst.synapse_matrix_inst.X1_inst/wbs_adr_i[31]
  neuro_inst.synapse_matrix_inst.X1_inst/wbs_adr_i[3]
  neuro_inst.synapse_matrix_inst.X1_inst/wbs_adr_i[4]
  neuro_inst.synapse_matrix_inst.X1_inst/wbs_adr_i[5]
  neuro_inst.synapse_matrix_inst.X1_inst/wbs_adr_i[6]
  neuro_inst.synapse_matrix_inst.X1_inst/wbs_adr_i[7]
  neuro_inst.synapse_matrix_inst.X1_inst/wbs_adr_i[8]
  neuro_inst.synapse_matrix_inst.X1_inst/wbs_adr_i[9]
