
===========================================================================
 report_power
============================================================================
======================= max_ff_n40C_1v95 Corner ===================================

Group                    Internal    Switching      Leakage        Total
                            Power        Power        Power        Power (Watts)
------------------------------------------------------------------------
Sequential           6.574608e-04 6.733256e-05 2.576227e-08 7.248192e-04  23.2%
Combinational        5.760795e-04 1.019801e-03 1.064585e-07 1.595987e-03  51.2%
Clock                3.915468e-04 3.285109e-04 2.792389e-08 7.200856e-04  23.1%
Macro                7.854401e-05 4.274953e-07 2.302500e-09 7.897381e-05   2.5%
Pad                  0.000000e+00 0.000000e+00 0.000000e+00 0.000000e+00   0.0%
------------------------------------------------------------------------
Total                1.703632e-03 1.416069e-03 1.624543e-07 3.119864e-03 100.0%
                            54.6%        45.4%         0.0%

