
===========================================================================
 report_power
============================================================================
======================= max_ff_n40C_1v95 Corner ===================================

Group                    Internal    Switching      Leakage        Total
                            Power        Power        Power        Power (Watts)
------------------------------------------------------------------------
Sequential           3.038286e-03 5.984855e-04 2.355273e-08 3.636795e-03  29.2%
Combinational        2.332229e-03 3.512016e-03 8.102902e-08 5.844327e-03  46.9%
Clock                1.301994e-03 1.352211e-03 2.634399e-08 2.654232e-03  21.3%
Macro                3.141761e-04 1.992863e-06 2.302500e-09 3.161712e-04   2.5%
Pad                  0.000000e+00 0.000000e+00 0.000000e+00 0.000000e+00   0.0%
------------------------------------------------------------------------
Total                6.986678e-03 5.464710e-03 1.332309e-07 1.245152e-02 100.0%
                            56.1%        43.9%         0.0%

