
===========================================================================
 report_power
============================================================================
======================= max_ff_n40C_1v95 Corner ===================================

Group                    Internal    Switching      Leakage        Total
                            Power        Power        Power        Power (Watts)
------------------------------------------------------------------------
Sequential           1.418363e-03 1.651645e-04 1.691979e-08 1.583544e-03  19.8%
Combinational        2.133377e-03 2.782093e-03 1.137380e-07 4.915584e-03  61.3%
Clock                5.261889e-04 8.333015e-04 2.431377e-08 1.359515e-03  17.0%
Macro                1.570880e-04 8.999747e-07 2.302500e-09 1.579903e-04   2.0%
Pad                  0.000000e+00 0.000000e+00 0.000000e+00 0.000000e+00   0.0%
------------------------------------------------------------------------
Total                4.235012e-03 3.781460e-03 1.572805e-07 8.016629e-03 100.0%
                            52.8%        47.2%         0.0%

