
===========================================================================
 report_power
============================================================================
======================= nom_tt_025C_1v80 Corner ===================================

Group                    Internal    Switching      Leakage        Total
                            Power        Power        Power        Power (Watts)
------------------------------------------------------------------------
Sequential           1.223638e-03 1.295199e-04 1.393690e-08 1.353172e-03  20.2%
Combinational        1.846475e-03 2.201252e-03 3.408203e-08 4.047761e-03  60.6%
Clock                4.588226e-04 6.665554e-04 1.493631e-08 1.125393e-03  16.8%
Macro                1.570880e-04 8.681008e-07 2.302500e-09 1.579584e-04   2.4%
Pad                  0.000000e+00 0.000000e+00 0.000000e+00 0.000000e+00   0.0%
------------------------------------------------------------------------
Total                3.686020e-03 2.998194e-03 6.525705e-08 6.684279e-03 100.0%
                            55.1%        44.9%         0.0%

