
===========================================================================
 report_power
============================================================================
======================= nom_tt_025C_1v80 Corner ===================================

Group                    Internal    Switching      Leakage        Total
                            Power        Power        Power        Power (Watts)
------------------------------------------------------------------------
Sequential           5.669966e-04 5.258736e-05 1.921379e-08 6.196031e-04  23.9%
Combinational        4.955262e-04 7.961024e-04 3.692183e-08 1.291666e-03  49.8%
Clock                3.413612e-04 2.620948e-04 1.590858e-08 6.034719e-04  23.3%
Macro                7.854401e-05 4.012978e-07 2.302500e-09 7.894761e-05   3.0%
Pad                  0.000000e+00 0.000000e+00 0.000000e+00 0.000000e+00   0.0%
------------------------------------------------------------------------
Total                1.482428e-03 1.111186e-03 7.434581e-08 2.593688e-03 100.0%
                            57.2%        42.8%         0.0%

