
===========================================================================
 report_power
============================================================================
======================= nom_tt_025C_1v80 Corner ===================================

Group                    Internal    Switching      Leakage        Total
                            Power        Power        Power        Power (Watts)
------------------------------------------------------------------------
Sequential           2.623660e-03 4.783698e-04 1.839955e-08 3.102048e-03  29.5%
Combinational        2.039480e-03 2.817572e-03 3.111716e-08 4.857083e-03  46.2%
Clock                1.141396e-03 1.092097e-03 1.563105e-08 2.233509e-03  21.3%
Macro                3.141761e-04 1.861402e-06 2.302500e-09 3.160397e-04   3.0%
Pad                  0.000000e+00 0.000000e+00 0.000000e+00 0.000000e+00   0.0%
------------------------------------------------------------------------
Total                6.118712e-03 4.389901e-03 6.745085e-08 1.050868e-02 100.0%
                            58.2%        41.8%         0.0%

