
===========================================================================
 report_power
============================================================================
======================= min_ss_100C_1v60 Corner ===================================

Group                    Internal    Switching      Leakage        Total
                            Power        Power        Power        Power (Watts)
------------------------------------------------------------------------
Sequential           2.037731e-03 3.543763e-04 2.821145e-05 2.420319e-03  29.4%
Combinational        1.619295e-03 2.079161e-03 3.804406e-05 3.736500e-03  45.4%
Clock                9.363044e-04 8.134439e-04 3.501617e-06 1.753250e-03  21.3%
Macro                3.141761e-04 1.742837e-06 2.302500e-09 3.159212e-04   3.8%
Pad                  0.000000e+00 0.000000e+00 0.000000e+00 0.000000e+00   0.0%
------------------------------------------------------------------------
Total                4.907513e-03 3.248721e-03 6.975756e-05 8.225991e-03 100.0%
                            59.7%        39.5%         0.8%

