
===========================================================================
 report_power
============================================================================
======================= min_ss_100C_1v60 Corner ===================================

Group                    Internal    Switching      Leakage        Total
                            Power        Power        Power        Power (Watts)
------------------------------------------------------------------------
Sequential           9.457718e-04 9.443184e-05 2.094660e-05 1.061150e-03  20.4%
Combinational        1.463594e-03 1.608994e-03 4.141803e-05 3.114006e-03  59.9%
Clock                3.754251e-04 4.897619e-04 3.019167e-06 8.682061e-04  16.7%
Macro                1.570880e-04 8.106445e-07 2.302500e-09 1.579010e-04   3.0%
Pad                  0.000000e+00 0.000000e+00 0.000000e+00 0.000000e+00   0.0%
------------------------------------------------------------------------
Total                2.941881e-03 2.194000e-03 6.538477e-05 5.201267e-03 100.0%
                            56.6%        42.2%         1.3%

