
===========================================================================
 report_power
============================================================================
======================= min_ss_100C_1v60 Corner ===================================

Group                    Internal    Switching      Leakage        Total
                            Power        Power        Power        Power (Watts)
------------------------------------------------------------------------
Sequential           4.386061e-04 3.806023e-05 2.809058e-05 5.047569e-04  24.4%
Combinational        3.918800e-04 5.748086e-04 4.335923e-05 1.010048e-03  48.8%
Clock                2.787600e-04 1.935840e-04 4.196867e-06 4.765409e-04  23.0%
Macro                7.854401e-05 3.795641e-07 2.302500e-09 7.892588e-05   3.8%
Pad                  0.000000e+00 0.000000e+00 0.000000e+00 0.000000e+00   0.0%
------------------------------------------------------------------------
Total                1.187790e-03 8.068325e-04 7.564739e-05 2.070270e-03 100.0%
                            57.4%        39.0%         3.7%

