Clock: clk
Sources: wb_clk_i 
Generated: no
Virtual: yes
Propagated: no
Period: 25.000000

===========================================================================
report_clock_properties
============================================================================
Clock                   Period          Waveform
----------------------------------------------------
clk                  25.000000    0.000000 12.500000

===========================================================================
report_clock_latency
============================================================================
Clock clk
rise -> rise
    min     max
4.650000 5.570000 source latency
6.211754         network latency neuro_inst.synapse_matrix_inst.X1_inst/wb_clk_i
        7.539893 network latency _10805_/CLK
---------------
10.861754 13.109894 latency
        2.248140 skew

fall -> fall
    min     max
4.650000 5.570000 source latency
6.155057         network latency neuro_inst.synapse_matrix_inst.X1_inst/wb_clk_i
        7.448001 network latency _10805_/CLK
---------------
10.805057 13.018002 latency
        2.212945 skew



===========================================================================
report_clock_min_period
============================================================================
clk period_min = 19.24 fmax = 51.98
