Clock: clk
Sources: wb_clk_i 
Generated: no
Virtual: yes
Propagated: no
Period: 100.000000

===========================================================================
report_clock_properties
============================================================================
Clock                   Period          Waveform
----------------------------------------------------
clk                 100.000000    0.000000 50.000000

===========================================================================
report_clock_latency
============================================================================
Clock clk
rise -> rise
    min     max
4.650000 5.570000 source latency
6.261663         network latency _10642_/CLK
        7.834449 network latency _11345_/CLK
---------------
10.911663 13.404449 latency
        2.492786 skew

fall -> fall
    min     max
4.650000 5.570000 source latency
6.209774         network latency _10642_/CLK
        7.674732 network latency _11345_/CLK
---------------
10.859774 13.244732 latency
        2.384958 skew



===========================================================================
report_clock_min_period
============================================================================
clk period_min = 23.54 fmax = 42.48
