
===========================================================================
 report_power
============================================================================
======================= max_ss_100C_1v60 Corner ===================================

Group                    Internal    Switching      Leakage        Total
                            Power        Power        Power        Power (Watts)
------------------------------------------------------------------------
Sequential           2.037405e-03 3.915062e-04 2.821145e-05 2.457123e-03  28.5%
Combinational        1.620785e-03 2.350547e-03 3.804406e-05 4.009377e-03  46.5%
Clock                9.364059e-04 8.948686e-04 3.501617e-06 1.834776e-03  21.3%
Macro                3.141761e-04 1.996491e-06 2.302500e-09 3.161748e-04   3.7%
Pad                  0.000000e+00 0.000000e+00 0.000000e+00 0.000000e+00   0.0%
------------------------------------------------------------------------
Total                4.908780e-03 3.638919e-03 6.975756e-05 8.617457e-03 100.0%
                            57.0%        42.2%         0.8%

