
===========================================================================
 report_power
============================================================================
======================= max_ss_100C_1v60 Corner ===================================

Group                    Internal    Switching      Leakage        Total
                            Power        Power        Power        Power (Watts)
------------------------------------------------------------------------
Sequential           9.457093e-04 1.077570e-04 2.094660e-05 1.074413e-03  19.4%
Combinational        1.465223e-03 1.862357e-03 4.141803e-05 3.368998e-03  60.9%
Clock                3.746288e-04 5.523851e-04 3.019167e-06 9.300331e-04  16.8%
Macro                1.570880e-04 9.011573e-07 2.302500e-09 1.579915e-04   2.9%
Pad                  0.000000e+00 0.000000e+00 0.000000e+00 0.000000e+00   0.0%
------------------------------------------------------------------------
Total                2.942643e-03 2.523405e-03 6.538477e-05 5.531433e-03 100.0%
                            53.2%        45.6%         1.2%

