
===========================================================================
 report_power
============================================================================
======================= max_tt_025C_1v80 Corner ===================================

Group                    Internal    Switching      Leakage        Total
                            Power        Power        Power        Power (Watts)
------------------------------------------------------------------------
Sequential           2.623793e-03 5.013274e-04 1.839955e-08 3.125139e-03  29.1%
Combinational        2.040351e-03 2.981622e-03 3.111716e-08 5.022003e-03  46.7%
Clock                1.141261e-03 1.143397e-03 1.563105e-08 2.284674e-03  21.3%
Macro                3.141761e-04 1.994943e-06 2.302500e-09 3.161733e-04   2.9%
Pad                  0.000000e+00 0.000000e+00 0.000000e+00 0.000000e+00   0.0%
------------------------------------------------------------------------
Total                6.119587e-03 4.628331e-03 6.745085e-08 1.074799e-02 100.0%
                            56.9%        43.1%         0.0%

