
===========================================================================
 report_power
============================================================================
======================= max_tt_025C_1v80 Corner ===================================

Group                    Internal    Switching      Leakage        Total
                            Power        Power        Power        Power (Watts)
------------------------------------------------------------------------
Sequential           1.223739e-03 1.382894e-04 1.393690e-08 1.362042e-03  19.8%
Combinational        1.847805e-03 2.362911e-03 3.408203e-08 4.210750e-03  61.1%
Clock                4.586910e-04 7.052723e-04 1.493631e-08 1.163978e-03  16.9%
Macro                1.570880e-04 9.004835e-07 2.302500e-09 1.579908e-04   2.3%
Pad                  0.000000e+00 0.000000e+00 0.000000e+00 0.000000e+00   0.0%
------------------------------------------------------------------------
Total                3.687311e-03 3.207369e-03 6.525705e-08 6.894745e-03 100.0%
                            53.5%        46.5%         0.0%

