
===========================================================================
 report_power
============================================================================
======================= max_tt_025C_1v80 Corner ===================================

Group                    Internal    Switching      Leakage        Total
                            Power        Power        Power        Power (Watts)
------------------------------------------------------------------------
Sequential           5.669750e-04 5.633268e-05 1.921379e-08 6.233269e-04  23.3%
Combinational        4.959338e-04 8.630288e-04 3.692183e-08 1.359000e-03  50.7%
Clock                3.413773e-04 2.764459e-04 1.590858e-08 6.178391e-04  23.1%
Macro                7.854401e-05 4.275715e-07 2.302500e-09 7.897388e-05   2.9%
Pad                  0.000000e+00 0.000000e+00 0.000000e+00 0.000000e+00   0.0%
------------------------------------------------------------------------
Total                1.482830e-03 1.196233e-03 7.434581e-08 2.679137e-03 100.0%
                            55.3%        44.6%         0.0%

