┏━━━━━━━━━━━━━━━━━━━━━━┳━━━━━━━━━━┳━━━━━━━━━━┳━━━━━━━━━━┳━━━━━━━━━━┳━━━━━━━━━━━┳━━━━━━━━━━┳━━━━━━━━━━━┳━━━━━━━━━━┳━━━━━━━━━━━┳━━━━━━━━━━┳━━━━━━━━━━━┳━━━━━━━━━━┓
┃                      ┃ Hold     ┃ Reg to   ┃          ┃          ┃ of which  ┃ Setup    ┃           ┃          ┃           ┃ of which ┃           ┃          ┃
┃                      ┃ Worst    ┃ Reg      ┃          ┃ Hold Vio ┃ reg to    ┃ Worst    ┃ Reg to    ┃ Setup    ┃ Setup Vio ┃ reg to   ┃ Max Cap   ┃ Max Slew ┃
┃ Corner/Group         ┃ Slack    ┃ Paths    ┃ Hold TNS ┃ Count    ┃ reg       ┃ Slack    ┃ Reg Paths ┃ TNS      ┃ Count     ┃ reg      ┃ Violatio… ┃ Violati… ┃
┡━━━━━━━━━━━━━━━━━━━━━━╇━━━━━━━━━━╇━━━━━━━━━━╇━━━━━━━━━━╇━━━━━━━━━━╇━━━━━━━━━━━╇━━━━━━━━━━╇━━━━━━━━━━━╇━━━━━━━━━━╇━━━━━━━━━━━╇━━━━━━━━━━╇━━━━━━━━━━━╇━━━━━━━━━━┩
│ Overall              │ -0.0676  │ 0.4731   │ -0.1300  │ 2        │ 0         │ 21.1448  │ 23.5715   │ 0.0000   │ 0         │ 0        │ 31        │ 357      │
│ nom_tt_025C_1v80     │ 0.1222   │ 0.8552   │ 0.0000   │ 0        │ 0         │ 23.3998  │ N/A       │ 0.0000   │ 0         │ 0        │ 5         │ 98       │
│ nom_ss_100C_1v60     │ 0.0429   │ 2.0613   │ 0.0000   │ 0        │ 0         │ 21.6695  │ 24.8239   │ 0.0000   │ 0         │ 0        │ 22        │ 275      │
│ nom_ff_n40C_1v95     │ 0.1627   │ 0.4751   │ 0.0000   │ 0        │ 0         │ 23.4233  │ N/A       │ 0.0000   │ 0         │ 0        │ 0         │ 29       │
│ min_tt_025C_1v80     │ 0.2130   │ 0.8637   │ 0.0000   │ 0        │ 0         │ 23.3817  │ N/A       │ 0.0000   │ 0         │ 0        │ 3         │ 49       │
│ min_ss_100C_1v60     │ 0.1609   │ 2.0105   │ 0.0000   │ 0        │ 0         │ 22.1586  │ N/A       │ 0.0000   │ 0         │ 0        │ 14        │ 184      │
│ min_ff_n40C_1v95     │ 0.2436   │ 0.4788   │ 0.0000   │ 0        │ 0         │ 23.3850  │ N/A       │ 0.0000   │ 0         │ 0        │ 0         │ 6        │
│ max_tt_025C_1v80     │ 0.0482   │ 0.8969   │ 0.0000   │ 0        │ 0         │ 23.4166  │ N/A       │ 0.0000   │ 0         │ 0        │ 6         │ 114      │
│ max_ss_100C_1v60     │ -0.0676  │ 2.0653   │ -0.1300  │ 2        │ 0         │ 21.1448  │ 23.5715   │ 0.0000   │ 0         │ 0        │ 31        │ 357      │
│ max_ff_n40C_1v95     │ 0.0861   │ 0.4731   │ 0.0000   │ 0        │ 0         │ 23.4549  │ N/A       │ 0.0000   │ 0         │ 0        │ 2         │ 49       │
└──────────────────────┴──────────┴──────────┴──────────┴──────────┴───────────┴──────────┴───────────┴──────────┴───────────┴──────────┴───────────┴──────────┘
