┏━━━━━━━━━━━━━━━━━━━━━━┳━━━━━━━━━━┳━━━━━━━━━━┳━━━━━━━━━━┳━━━━━━━━━━┳━━━━━━━━━━━┳━━━━━━━━━━┳━━━━━━━━━━━┳━━━━━━━━━━┳━━━━━━━━━━━┳━━━━━━━━━━┳━━━━━━━━━━━┳━━━━━━━━━━┓
┃                      ┃ Hold     ┃ Reg to   ┃          ┃          ┃ of which  ┃ Setup    ┃           ┃          ┃           ┃ of which ┃           ┃          ┃
┃                      ┃ Worst    ┃ Reg      ┃          ┃ Hold Vio ┃ reg to    ┃ Worst    ┃ Reg to    ┃ Setup    ┃ Setup Vio ┃ reg to   ┃ Max Cap   ┃ Max Slew ┃
┃ Corner/Group         ┃ Slack    ┃ Paths    ┃ Hold TNS ┃ Count    ┃ reg       ┃ Slack    ┃ Reg Paths ┃ TNS      ┃ Count     ┃ reg      ┃ Violatio… ┃ Violati… ┃
┡━━━━━━━━━━━━━━━━━━━━━━╇━━━━━━━━━━╇━━━━━━━━━━╇━━━━━━━━━━╇━━━━━━━━━━╇━━━━━━━━━━━╇━━━━━━━━━━╇━━━━━━━━━━━╇━━━━━━━━━━╇━━━━━━━━━━━╇━━━━━━━━━━╇━━━━━━━━━━━╇━━━━━━━━━━┩
│ Overall              │ 0.4271   │ 0.5161   │ 0.0000   │ 0        │ 0         │ 47.8298  │ 83.2781   │ 0.0000   │ 0         │ 0        │ 17        │ 170      │
│ nom_tt_025C_1v80     │ 0.4745   │ 0.9304   │ 0.0000   │ 0        │ 0         │ 48.0247  │ N/A       │ 0.0000   │ 0         │ 0        │ 0         │ 0        │
│ nom_ss_100C_1v60     │ 0.5250   │ 2.1119   │ 0.0000   │ 0        │ 0         │ 47.8403  │ 83.7313   │ 0.0000   │ 0         │ 0        │ 7         │ 60       │
│ nom_ff_n40C_1v95     │ 0.4626   │ 0.5213   │ 0.0000   │ 0        │ 0         │ 48.0538  │ N/A       │ 0.0000   │ 0         │ 0        │ 0         │ 0        │
│ min_tt_025C_1v80     │ 0.4994   │ 0.9016   │ 0.0000   │ 0        │ 0         │ 48.0393  │ N/A       │ 0.0000   │ 0         │ 0        │ 0         │ 0        │
│ min_ss_100C_1v60     │ 0.5908   │ 2.0969   │ 0.0000   │ 0        │ 0         │ 47.8567  │ 84.1776   │ 0.0000   │ 0         │ 0        │ 3         │ 24       │
│ min_ff_n40C_1v95     │ 0.4770   │ 0.5161   │ 0.0000   │ 0        │ 0         │ 48.0714  │ N/A       │ 0.0000   │ 0         │ 0        │ 0         │ 0        │
│ max_tt_025C_1v80     │ 0.4271   │ 0.9334   │ 0.0000   │ 0        │ 0         │ 48.0087  │ N/A       │ 0.0000   │ 0         │ 0        │ 1         │ 7        │
│ max_ss_100C_1v60     │ 0.4381   │ 2.1257   │ 0.0000   │ 0        │ 0         │ 47.8298  │ 83.2781   │ 0.0000   │ 0         │ 0        │ 17        │ 170      │
│ max_ff_n40C_1v95     │ 0.4351   │ 0.5233   │ 0.0000   │ 0        │ 0         │ 48.0341  │ N/A       │ 0.0000   │ 0         │ 0        │ 0         │ 0        │
└──────────────────────┴──────────┴──────────┴──────────┴──────────┴───────────┴──────────┴───────────┴──────────┴───────────┴──────────┴───────────┴──────────┘
