
===========================================================================
 report_power
============================================================================
======================= min_tt_025C_1v80 Corner ===================================

Group                    Internal    Switching      Leakage        Total
                            Power        Power        Power        Power (Watts)
------------------------------------------------------------------------
Sequential           1.223496e-03 1.214247e-04 1.393690e-08 1.344935e-03  20.8%
Combinational        1.845237e-03 2.042242e-03 3.408203e-08 3.887513e-03  60.0%
Clock                4.589216e-04 6.260145e-04 1.493631e-08 1.084951e-03  16.8%
Macro                1.570880e-04 8.099706e-07 2.302500e-09 1.579003e-04   2.4%
Pad                  0.000000e+00 0.000000e+00 0.000000e+00 0.000000e+00   0.0%
------------------------------------------------------------------------
Total                3.684741e-03 2.790500e-03 6.525705e-08 6.475306e-03 100.0%
                            56.9%        43.1%         0.0%

