
===========================================================================
 report_power
============================================================================
======================= min_tt_025C_1v80 Corner ===================================

Group                    Internal    Switching      Leakage        Total
                            Power        Power        Power        Power (Watts)
------------------------------------------------------------------------
Sequential           2.623403e-03 4.543348e-04 1.839955e-08 3.077756e-03  30.0%
Combinational        2.038424e-03 2.638148e-03 3.111716e-08 4.676603e-03  45.6%
Clock                1.141351e-03 1.040343e-03 1.563105e-08 2.181710e-03  21.3%
Macro                3.141761e-04 1.741288e-06 2.302500e-09 3.159196e-04   3.1%
Pad                  0.000000e+00 0.000000e+00 0.000000e+00 0.000000e+00   0.0%
------------------------------------------------------------------------
Total                6.117349e-03 4.134565e-03 6.745085e-08 1.025198e-02 100.0%
                            59.7%        40.3%         0.0%

