┏━━━━━━━┳━━━━━━━━━┳━━━━━━━━━━┳━━━━━━━━━━━━━━━━━━━━━━━━━━━━━━━━━━━━━━━━━━━┳━━━━━━━━━━━━━━┳━━━━━━━┓
┃ P / R ┃ Partial ┃ Required ┃ Net                                       ┃ Pin          ┃ Layer ┃
┡━━━━━━━╇━━━━━━━━━╇━━━━━━━━━━╇━━━━━━━━━━━━━━━━━━━━━━━━━━━━━━━━━━━━━━━━━━━╇━━━━━━━━━━━━━━╇━━━━━━━┩
│ 3.39  │ 1356.43 │ 400.00   │ _03182_                                   │ _05631_/A2_N │ met3  │
│ 1.86  │ 742.03  │ 400.00   │ _03125_                                   │ _05579_/A    │ met3  │
│ 1.69  │ 676.47  │ 400.00   │ mprj.neuron_block_inst.potential[9\][15\] │ hold1207/A   │ met1  │
│ 1.44  │ 576.42  │ 400.00   │ _03217_                                   │ _05666_/D    │ met2  │
│ 1.41  │ 563.37  │ 400.00   │ net203                                    │ _05685_/A2   │ met1  │
│ 1.32  │ 529.53  │ 400.00   │ net172                                    │ _06333_/A1   │ met1  │
│ 1.30  │ 520.03  │ 400.00   │ _02749_                                   │ _05468_/C    │ met2  │
│ 1.21  │ 483.75  │ 400.00   │ _02921_                                   │ _05373_/C    │ met2  │
│ 1.19  │ 476.72  │ 400.00   │ _03608_                                   │ fanout149/A  │ met2  │
│ 1.19  │ 475.89  │ 400.00   │ _03700_                                   │ _06934_/A2   │ met3  │
│ 1.18  │ 473.67  │ 400.00   │ net194                                    │ _05737_/A2   │ met1  │
│ 1.14  │ 457.15  │ 400.00   │ _03645_                                   │ _06318_/S    │ met2  │
│ 1.13  │ 450.64  │ 400.00   │ net304                                    │ _10158_/CLK  │ met1  │
│ 1.01  │ 403.58  │ 400.00   │ _03117_                                   │ _05571_/A    │ met1  │
└───────┴─────────┴──────────┴───────────────────────────────────────────┴──────────────┴───────┘
