
===========================================================================
 report_power
============================================================================
======================= nom_ff_n40C_1v95 Corner ===================================

Group                    Internal    Switching      Leakage        Total
                            Power        Power        Power        Power (Watts)
------------------------------------------------------------------------
Sequential           6.575303e-04 6.293703e-05 2.576227e-08 7.204931e-04  23.9%
Combinational        5.748949e-04 9.412555e-04 1.064585e-07 1.516257e-03  50.2%
Clock                3.913832e-04 3.116683e-04 2.792389e-08 7.030794e-04  23.3%
Macro                7.854401e-05 4.012217e-07 2.302500e-09 7.894753e-05   2.6%
Pad                  0.000000e+00 0.000000e+00 0.000000e+00 0.000000e+00   0.0%
------------------------------------------------------------------------
Total                1.702355e-03 1.316261e-03 1.624543e-07 3.018778e-03 100.0%
                            56.4%        43.6%         0.0%

