
===========================================================================
 report_power
============================================================================
======================= nom_ff_n40C_1v95 Corner ===================================

Group                    Internal    Switching      Leakage        Total
                            Power        Power        Power        Power (Watts)
------------------------------------------------------------------------
Sequential           3.037998e-03 5.715418e-04 2.355273e-08 3.609563e-03  29.7%
Combinational        2.329774e-03 3.319487e-03 8.102902e-08 5.649342e-03  46.4%
Clock                1.301963e-03 1.292005e-03 2.634399e-08 2.593993e-03  21.3%
Macro                3.141761e-04 1.859322e-06 2.302500e-09 3.160377e-04   2.6%
Pad                  0.000000e+00 0.000000e+00 0.000000e+00 0.000000e+00   0.0%
------------------------------------------------------------------------
Total                6.983907e-03 5.184887e-03 1.332309e-07 1.216893e-02 100.0%
                            57.4%        42.6%         0.0%

