
===========================================================================
 report_power
============================================================================
======================= nom_ss_100C_1v60 Corner ===================================

Group                    Internal    Switching      Leakage        Total
                            Power        Power        Power        Power (Watts)
------------------------------------------------------------------------
Sequential           9.457658e-04 1.008281e-04 2.094660e-05 1.067540e-03  19.9%
Combinational        1.464409e-03 1.734629e-03 4.141803e-05 3.240456e-03  60.4%
Clock                3.750545e-04 5.217941e-04 3.019167e-06 8.998677e-04  16.8%
Macro                1.570880e-04 8.687746e-07 2.302500e-09 1.579591e-04   2.9%
Pad                  0.000000e+00 0.000000e+00 0.000000e+00 0.000000e+00   0.0%
------------------------------------------------------------------------
Total                2.942322e-03 2.358123e-03 6.538477e-05 5.365829e-03 100.0%
                            54.8%        43.9%         1.2%

