
===========================================================================
 report_power
============================================================================
======================= nom_ss_100C_1v60 Corner ===================================

Group                    Internal    Switching      Leakage        Total
                            Power        Power        Power        Power (Watts)
------------------------------------------------------------------------
Sequential           2.037585e-03 3.733666e-04 2.821145e-05 2.439162e-03  28.9%
Combinational        1.620200e-03 2.220928e-03 3.804406e-05 3.879173e-03  46.0%
Clock                9.364657e-04 8.543352e-04 3.501617e-06 1.794303e-03  21.3%
Macro                3.141761e-04 1.862951e-06 2.302500e-09 3.160413e-04   3.7%
Pad                  0.000000e+00 0.000000e+00 0.000000e+00 0.000000e+00   0.0%
------------------------------------------------------------------------
Total                4.908428e-03 3.450495e-03 6.975756e-05 8.428681e-03 100.0%
                            58.2%        40.9%         0.8%

